Component: ARM Compiler 5.06 update 5 (build 528) Tool: armlink [4d35e2]

==============================================================================

Section Cross References

    stm32f10x_adc.o(i.ADC_DeInit) refers to stm32f10x_rcc.o(i.RCC_APB2PeriphResetCmd) for RCC_APB2PeriphResetCmd
    stm32f10x_bkp.o(i.BKP_DeInit) refers to stm32f10x_rcc.o(i.RCC_BackupResetCmd) for RCC_BackupResetCmd
    stm32f10x_can.o(i.CAN_DeInit) refers to stm32f10x_rcc.o(i.RCC_APB1PeriphResetCmd) for RCC_APB1PeriphResetCmd
    stm32f10x_can.o(i.CAN_GetITStatus) refers to stm32f10x_can.o(i.CheckITStatus) for CheckITStatus
    stm32f10x_cec.o(i.CEC_DeInit) refers to stm32f10x_rcc.o(i.RCC_APB1PeriphResetCmd) for RCC_APB1PeriphResetCmd
    stm32f10x_dac.o(i.DAC_DeInit) refers to stm32f10x_rcc.o(i.RCC_APB1PeriphResetCmd) for RCC_APB1PeriphResetCmd
    stm32f10x_flash.o(i.FLASH_EnableWriteProtection) refers to stm32f10x_flash.o(i.FLASH_WaitForLastOperation) for FLASH_WaitForLastOperation
    stm32f10x_flash.o(i.FLASH_EraseAllBank1Pages) refers to stm32f10x_flash.o(i.FLASH_WaitForLastBank1Operation) for FLASH_WaitForLastBank1Operation
    stm32f10x_flash.o(i.FLASH_EraseAllPages) refers to stm32f10x_flash.o(i.FLASH_WaitForLastOperation) for FLASH_WaitForLastOperation
    stm32f10x_flash.o(i.FLASH_EraseOptionBytes) refers to stm32f10x_flash.o(i.FLASH_GetReadOutProtectionStatus) for FLASH_GetReadOutProtectionStatus
    stm32f10x_flash.o(i.FLASH_EraseOptionBytes) refers to stm32f10x_flash.o(i.FLASH_WaitForLastOperation) for FLASH_WaitForLastOperation
    stm32f10x_flash.o(i.FLASH_ErasePage) refers to stm32f10x_flash.o(i.FLASH_WaitForLastOperation) for FLASH_WaitForLastOperation
    stm32f10x_flash.o(i.FLASH_ProgramHalfWord) refers to stm32f10x_flash.o(i.FLASH_WaitForLastOperation) for FLASH_WaitForLastOperation
    stm32f10x_flash.o(i.FLASH_ProgramOptionByteData) refers to stm32f10x_flash.o(i.FLASH_WaitForLastOperation) for FLASH_WaitForLastOperation
    stm32f10x_flash.o(i.FLASH_ProgramWord) refers to stm32f10x_flash.o(i.FLASH_WaitForLastOperation) for FLASH_WaitForLastOperation
    stm32f10x_flash.o(i.FLASH_ReadOutProtection) refers to stm32f10x_flash.o(i.FLASH_WaitForLastOperation) for FLASH_WaitForLastOperation
    stm32f10x_flash.o(i.FLASH_UserOptionByteConfig) refers to stm32f10x_flash.o(i.FLASH_WaitForLastOperation) for FLASH_WaitForLastOperation
    stm32f10x_flash.o(i.FLASH_WaitForLastBank1Operation) refers to stm32f10x_flash.o(i.FLASH_GetBank1Status) for FLASH_GetBank1Status
    stm32f10x_flash.o(i.FLASH_WaitForLastOperation) refers to stm32f10x_flash.o(i.FLASH_GetBank1Status) for FLASH_GetBank1Status
    stm32f10x_gpio.o(i.GPIO_AFIODeInit) refers to stm32f10x_rcc.o(i.RCC_APB2PeriphResetCmd) for RCC_APB2PeriphResetCmd
    stm32f10x_gpio.o(i.GPIO_DeInit) refers to stm32f10x_rcc.o(i.RCC_APB2PeriphResetCmd) for RCC_APB2PeriphResetCmd
    stm32f10x_i2c.o(i.I2C_DeInit) refers to stm32f10x_rcc.o(i.RCC_APB1PeriphResetCmd) for RCC_APB1PeriphResetCmd
    stm32f10x_i2c.o(i.I2C_Init) refers to stm32f10x_rcc.o(i.RCC_GetClocksFreq) for RCC_GetClocksFreq
    stm32f10x_pwr.o(i.PWR_DeInit) refers to stm32f10x_rcc.o(i.RCC_APB1PeriphResetCmd) for RCC_APB1PeriphResetCmd
    stm32f10x_rcc.o(i.RCC_GetClocksFreq) refers to stm32f10x_rcc.o(.data) for APBAHBPrescTable
    stm32f10x_rcc.o(i.RCC_WaitForHSEStartUp) refers to stm32f10x_rcc.o(i.RCC_GetFlagStatus) for RCC_GetFlagStatus
    stm32f10x_rtc.o(i.RTC_SetAlarm) refers to stm32f10x_rtc.o(i.RTC_EnterConfigMode) for RTC_EnterConfigMode
    stm32f10x_rtc.o(i.RTC_SetAlarm) refers to stm32f10x_rtc.o(i.RTC_ExitConfigMode) for RTC_ExitConfigMode
    stm32f10x_rtc.o(i.RTC_SetCounter) refers to stm32f10x_rtc.o(i.RTC_EnterConfigMode) for RTC_EnterConfigMode
    stm32f10x_rtc.o(i.RTC_SetCounter) refers to stm32f10x_rtc.o(i.RTC_ExitConfigMode) for RTC_ExitConfigMode
    stm32f10x_rtc.o(i.RTC_SetPrescaler) refers to stm32f10x_rtc.o(i.RTC_EnterConfigMode) for RTC_EnterConfigMode
    stm32f10x_rtc.o(i.RTC_SetPrescaler) refers to stm32f10x_rtc.o(i.RTC_ExitConfigMode) for RTC_ExitConfigMode
    stm32f10x_spi.o(i.I2S_Init) refers to stm32f10x_rcc.o(i.RCC_GetClocksFreq) for RCC_GetClocksFreq
    stm32f10x_spi.o(i.SPI_I2S_DeInit) refers to stm32f10x_rcc.o(i.RCC_APB2PeriphResetCmd) for RCC_APB2PeriphResetCmd
    stm32f10x_spi.o(i.SPI_I2S_DeInit) refers to stm32f10x_rcc.o(i.RCC_APB1PeriphResetCmd) for RCC_APB1PeriphResetCmd
    stm32f10x_tim.o(i.TIM_DeInit) refers to stm32f10x_rcc.o(i.RCC_APB2PeriphResetCmd) for RCC_APB2PeriphResetCmd
    stm32f10x_tim.o(i.TIM_DeInit) refers to stm32f10x_rcc.o(i.RCC_APB1PeriphResetCmd) for RCC_APB1PeriphResetCmd
    stm32f10x_tim.o(i.TIM_ETRClockMode1Config) refers to stm32f10x_tim.o(i.TIM_ETRConfig) for TIM_ETRConfig
    stm32f10x_tim.o(i.TIM_ETRClockMode2Config) refers to stm32f10x_tim.o(i.TIM_ETRConfig) for TIM_ETRConfig
    stm32f10x_tim.o(i.TIM_ICInit) refers to stm32f10x_tim.o(i.TI1_Config) for TI1_Config
[...]
    .bss                                     0x200007bc   Section       16  lcd.o(.bss)
    .bss                                     0x200007cc   Section       11  w25_store_password.o(.bss)
    .bss                                     0x200007d8   Section       44  main.o(.bss)
    .bss                                     0x20000804   Section      228  rand.o(.bss)
    .bss                                     0x200008e8   Section       96  libspace.o(.bss)
    HEAP                                     0x20000948   Section      512  startup_stm32f10x_hd.o(HEAP)
    Heap_Mem                                 0x20000948   Data         512  startup_stm32f10x_hd.o(HEAP)
    STACK                                    0x20000b48   Section     1024  startup_stm32f10x_hd.o(STACK)
    Stack_Mem                                0x20000b48   Data        1024  startup_stm32f10x_hd.o(STACK)
    __initial_sp                             0x20000f48   Data           0  startup_stm32f10x_hd.o(STACK)

    Global Symbols

    Symbol Name                              Value     Ov Type        Size  Object(Section)

    BuildAttributes$$THM_ISAv4$P$D$K$B$S$PE$A:L22UL41UL21$X:L11$S22US41US21$IEEE1$IW$USESV6$~STKCKD$USESV7$~SHL$OTIME$ROPI$IEEEJ$EBA8$UX$STANDARDLIB$REQ8$PRES8$EABIv2 0x00000000   Number         0  anon$$obj.o ABSOLUTE
    __ARM_use_no_argv                        0x00000000   Number         0  main.o ABSOLUTE
    _printf_flags                            0x00000000   Number         0  printf_stubs.o ABSOLUTE
    _printf_return_value                     0x00000000   Number         0  printf_stubs.o ABSOLUTE
    _printf_sizespec                         0x00000000   Number         0  printf_stubs.o ABSOLUTE
    _printf_widthprec                        0x00000000   Number         0  printf_stubs.o ABSOLUTE
    __ARM_exceptions_init                     - Undefined Weak Reference
    __alloca_initialize                       - Undefined Weak Reference
    __arm_preinit_                            - Undefined Weak Reference
    __cpp_initialize__aeabi_                  - Undefined Weak Reference
    __cxa_finalize                            - Undefined Weak Reference
    __sigvec_lookup                           - Undefined Weak Reference
    _atexit_init                              - Undefined Weak Reference
    _call_atexit_fns                          - Undefined Weak Reference
    _clock_init                               - Undefined Weak Reference
    _fp_trap_init                             - Undefined Weak Reference
    _fp_trap_shutdown                         - Undefined Weak Reference
    _get_lc_collate                           - Undefined Weak Reference
    _get_lc_monetary                          - Undefined Weak Reference
    _get_lc_time                              - Undefined Weak Reference
    _getenv_init                              - Undefined Weak Reference
    _handle_redirection                       - Undefined Weak Reference
    _init_alloc                               - Undefined Weak Reference
    _init_user_alloc                          - Undefined Weak Reference
    _initio                                   - Undefined Weak Reference
    _printf_mbtowc                            - Undefined Weak Reference
    _printf_wc                                - Undefined Weak Reference
    _signal_finish                            - Undefined Weak Reference
    _signal_init                              - Undefined Weak Reference
    _terminate_alloc                          - Undefined Weak Reference
    _terminate_user_alloc                     - Undefined Weak Reference
    _terminateio                              - Undefined Weak Reference
    __Vectors_Size                           0x00000130   Number         0  startup_stm32f10x_hd.o ABSOLUTE
    __Vectors                                0x08000000   Data           4  startup_stm32f10x_hd.o(RESET)
    __Vectors_End                            0x08000130   Data           0  startup_stm32f10x_hd.o(RESET)
    __main                                   0x08000131   Thumb Code     8  __main.o(!!!main)
    __scatterload                            0x08000139   Thumb Code     0  __scatter.o(!!!scatter)
    __scatterload_rt2                        0x08000139   Thumb Code    44  __scatter.o(!!!scatter)
    __scatterload_rt2_thumb_only             0x08000139   Thumb Code     0  __scatter.o(!!!scatter)
    __scatterload_null                       0x08000147   Thumb Code     0  __scatter.o(!!!scatter)
    __decompress                             0x0800016d   Thumb Code    90  __dczerorl2.o(!!dczerorl2)
    __decompress1                            0x0800016d   Thumb Code     0  __dczerorl2.o(!!dczerorl2)
    __scatterload_zeroinit                   0x080001c9   Thumb Code    28  __scatter_zi.o(!!handler_zi)
    _printf_n                                0x080001e5   Thumb Code     0  _printf_n.o(.ARM.Collect$$_printf_percent$$00000001)
    _printf_percent                          0x080001e5   Thumb Code     0  _printf_percent.o(.ARM.Collect$$_printf_percent$$00000000)
    _printf_p                                0x080001eb   Thumb Code     0  _printf_p.o(.ARM.Collect$$_printf_percent$$00000002)
    _printf_f                                0x080001f1   Thumb Code     0  _printf_f.o(.ARM.Collect$$_printf_percent$$00000003)
    _printf_e                                0x080001f7   Thumb Code     0  _printf_e.o(.ARM.Collect$$_printf_percent$$00000004)
    _printf_g                                0x080001fd   Thumb Code     0  _printf_g.o(.ARM.Collect$$_printf_percent$$00000005)
    _printf_a                                0x08000203   Thumb Code     0  _printf_a.o(.ARM.Collect$$_printf_percent$$00000006)
    _printf_ll                               0x08000209   Thumb Code     0  _printf_ll.o(.ARM.Collect$$_printf_percent$$00000007)
    _printf_i                                0x08000213   Thumb Code     0  _printf_i.o(.ARM.Collect$$_printf_percent$$00000008)
    _printf_d                                0x08000219   Thumb Code     0  _printf_d.o(.ARM.Collect$$_printf_percent$$00000009)
    _printf_u                                0x0800021f   Thumb Code     0  _printf_u.o(.ARM.Collect$$_printf_percent$$0000000A)
    _printf_o                                0x08000225   Thumb Code     0  _printf_o.o(.ARM.Collect$$_printf_percent$$0000000B)
    _printf_x                                0x0800022b   Thumb Code     0  _printf_x.o(.ARM.Collect$$_printf_percent$$0000000C)
    _printf_lli                              0x08000231   Thumb Code     0  _printf_lli.o(.ARM.Collect$$_printf_percent$$0000000D)
    _printf_lld                              0x08000237   Thumb Code     0  _printf_lld.o(.ARM.Collect$$_printf_percent$$0000000E)
    _printf_llu                              0x0800023d   Thumb Code     0  _printf_llu.o(.ARM.Collect$$_printf_percent$$0000000F)
    _printf_llo                              0x08000243   Thumb Code     0  _printf_llo.o(.ARM.Collect$$_printf_percent$$00000010)
    _printf_llx                              0x08000249   Thumb Code     0  _printf_llx.o(.ARM.Collect$$_printf_percent$$00000011)
    _printf_l                                0x0800024f   Thumb Code     0  _printf_l.o(.ARM.Collect$$_printf_percent$$00000012)
    _printf_c                                0x08000259   Thumb Code     0  _printf_c.o(.ARM.Collect$$_printf_percent$$00000013)
    _printf_s                                0x0800025f   Thumb Code     0  _printf_s.o(.ARM.Collect$$_printf_percent$$00000014)
    _printf_lc                               0x08000265   Thumb Code     0  _printf_lc.o(.ARM.Collect$$_printf_percent$$00000015)
    _printf_ls                               0x0800026b   Thumb Code     0  _printf_ls.o(.ARM.Collect$$_printf_percent$$00000016)
    _printf_percent_end                      0x08000271   Thumb Code     0  _printf_percent_end.o(.ARM.Collect$$_printf_percent$$00000017)
    __rt_lib_init                            0x08000275   Thumb Code     0  libinit.o(.ARM.Collect$$libinit$$00000000)
    __rt_lib_init_fp_1                       0x08000277   Thumb Code     0  libinit2.o(.ARM.Collect$$libinit$$00000002)
    __rt_lib_init_heap_1                     0x08000277   Thumb Code     0  libinit2.o(.ARM.Collect$$libinit$$0000000A)
    __rt_lib_init_preinit_1                  0x08000277   Thumb Code     0  libinit2.o(.ARM.Collect$$libinit$$00000004)
    __rt_lib_init_rand_2                     0x08000277   Thumb Code     0  libinit2.o(.ARM.Collect$$libinit$$0000000D)
    __rt_lib_init_user_alloc_1               0x08000277   Thumb Code     0  libinit2.o(.ARM.Collect$$libinit$$0000000C)
    __rt_lib_init_lc_common                  0x0800027b   Thumb Code     0  libinit2.o(.ARM.Collect$$libinit$$0000000F)
    __rt_lib_init_rand_1                     0x0800027b   Thumb Code     0  libinit2.o(.ARM.Collect$$libinit$$0000000E)
    __rt_lib_init_lc_collate_1               0x08000281   Thumb Code     0  libinit2.o(.ARM.Collect$$libinit$$00000011)
    __rt_lib_init_lc_ctype_2                 0x08000281   Thumb Code     0  libinit2.o(.ARM.Collect$$libinit$$00000012)
    __rt_lib_init_lc_ctype_1                 0x0800028d   Thumb Code     0  libinit2.o(.ARM.Collect$$libinit$$00000013)
    __rt_lib_init_lc_monetary_1              0x0800028d   Thumb Code     0  libinit2.o(.ARM.Collect$$libinit$$00000015)
    __rt_lib_init_lc_numeric_2               0x0800028d   Thumb Code     0  libinit2.o(.ARM.Collect$$libinit$$00000016)
    __rt_lib_init_alloca_1                   0x08000297   Thumb Code     0  libinit2.o(.ARM.Collect$$libinit$$0000002E)
    __rt_lib_init_argv_1                     0x08000297   Thumb Code     0  libinit2.o(.ARM.Collect$$libinit$$0000002C)
    __rt_lib_init_atexit_1                   0x08000297   Thumb Code     0  libinit2.o(.ARM.Collect$$libinit$$0000001B)
    __rt_lib_init_clock_1                    0x08000297   Thumb Code     0  libinit2.o(.ARM.Collect$$libinit$$00000021)
    __rt_lib_init_cpp_1                      0x08000297   Thumb Code     0  libinit2.o(.ARM.Collect$$libinit$$00000032)
    __rt_lib_init_exceptions_1               0x08000297   Thumb Code     0  libinit2.o(.ARM.Collect$$libinit$$00000030)
    __rt_lib_init_fp_trap_1                  0x08000297   Thumb Code     0  libinit2.o(.ARM.Collect$$libinit$$0000001F)
    __rt_lib_init_getenv_1                   0x08000297   Thumb Code     0  libinit2.o(.ARM.Collect$$libinit$$00000023)
    __rt_lib_init_lc_numeric_1               0x08000297   Thumb Code     0  libinit2.o(.ARM.Collect$$libinit$$00000017)
    __rt_lib_init_lc_time_1                  0x08000297   Thumb Code     0  libinit2.o(.ARM.Collect$$libinit$$00000019)
    __rt_lib_init_return                     0x08000297   Thumb Code     0  libinit2.o(.ARM.Collect$$libinit$$00000033)
    __rt_lib_init_signal_1                   0x08000297   Thumb Code     0  libinit2.o(.ARM.Collect$$libinit$$0000001D)
    __rt_lib_init_stdio_1                    0x08000297   Thumb Code     0  libinit2.o(.ARM.Collect$$libinit$$00000025)
    __rt_lib_shutdown                        0x08000299   Thumb Code     0  libshutdown.o(.ARM.Collect$$libshutdown$$00000000)
    __rt_lib_shutdown_cpp_1                  0x0800029b   Thumb Code     0  libshutdown2.o(.ARM.Collect$$libshutdown$$00000002)
    __rt_lib_shutdown_fp_trap_1              0x0800029b   Thumb Code     0  libshutdown2.o(.ARM.Collect$$libshutdown$$00000007)
    __rt_lib_shutdown_heap_1                 0x0800029b   Thumb Code     0  libshutdown2.o(.ARM.Collect$$libshutdown$$0000000F)
    __rt_lib_shutdown_return                 0x0800029b   Thumb Code     0  libshutdown2.o(.ARM.Collect$$libshutdown$$00000010)
    __rt_lib_shutdown_signal_1               0x0800029b   Thumb Code     0  libshutdown2.o(.ARM.Collect$$libshutdown$$0000000A)
    __rt_lib_shutdown_stdio_1                0x0800029b   Thumb Code     0  libshutdown2.o(.ARM.Collect$$libshutdown$$00000004)
    __rt_lib_shutdown_user_alloc_1           0x0800029b   Thumb Code     0  libshutdown2.o(.ARM.Collect$$libshutdown$$0000000C)
    __rt_entry                               0x0800029d   Thumb Code     0  __rtentry.o(.ARM.Collect$$rtentry$$00000000)
    __rt_entry_presh_1                       0x0800029d   Thumb Code     0  __rtentry2.o(.ARM.Collect$$rtentry$$00000002)
    __rt_entry_sh                            0x0800029d   Thumb Code     0  __rtentry4.o(.ARM.Collect$$rtentry$$00000004)
    __rt_entry_li                            0x080002a3   Thumb Code     0  __rtentry2.o(.ARM.Collect$$rtentry$$0000000A)
    __rt_entry_postsh_1                      0x080002a3   Thumb Code     0  __rtentry2.o(.ARM.Collect$$rtentry$$00000009)
    __rt_entry_main                          0x080002a7   Thumb Code     0  __rtentry2.o(.ARM.Collect$$rtentry$$0000000D)
    __rt_entry_postli_1                      0x080002a7   Thumb Code     0  __rtentry2.o(.ARM.Collect$$rtentry$$0000000C)
    __rt_exit                                0x080002af   Thumb Code     0  rtexit.o(.ARM.Collect$$rtexit$$00000000)
    __rt_exit_ls                             0x080002b1   Thumb Code     0  rtexit2.o(.ARM.Collect$$rtexit$$00000003)
    __rt_exit_prels_1                        0x080002b1   Thumb Code     0  rtexit2.o(.ARM.Collect$$rtexit$$00000002)
    __rt_exit_exit                           0x080002b5   Thumb Code     0  rtexit2.o(.ARM.Collect$$rtexit$$00000004)
    rand                                     0x080002bd   Thumb Code    48  rand.o(.emb_text)
    Reset_Handler                            0x080002f1   Thumb Code     8  startup_stm32f10x_hd.o(.text)
    ADC1_2_IRQHandler                        0x0800030b   Thumb Code     0  startup_stm32f10x_hd.o(.text)
    ADC3_IRQHandler                          0x0800030b   Thumb Code     0  startup_stm32f10x_hd.o(.text)
    CAN1_RX1_IRQHandler                      0x0800030b   Thumb Code     0  startup_stm32f10x_hd.o(.text)
    CAN1_SCE_IRQHandler                      0x0800030b   Thumb Code     0  startup_stm32f10x_hd.o(.text)
    DMA1_Channel1_IRQHandler                 0x0800030b   Thumb Code     0  startup_stm32f10x_hd.o(.text)
    DMA1_Channel2_IRQHandler                 0x0800030b   Thumb Code     0  startup_stm32f10x_hd.o(.text)
    DMA1_Channel3_IRQHandler                 0x0800030b   Thumb Code     0  startup_stm32f10x_hd.o(.text)
    DMA1_Channel4_IRQHandler                 0x0800030b   Thumb Code     0  startup_stm32f10x_hd.o(.text)
    DMA1_Channel5_IRQHandler                 0x0800030b   Thumb Code     0  startup_stm32f10x_hd.o(.text)
    DMA1_Channel6_IRQHandler                 0x0800030b   Thumb Code     0  startup_stm32f10x_hd.o(.text)
    DMA1_Channel7_IRQHandler                 0x0800030b   Thumb Code     0  startup_stm32f10x_hd.o(.text)
    DMA2_Channel1_IRQHandler                 0x0800030b   Thumb Code     0  startup_stm32f10x_hd.o(.text)
    DMA2_Channel2_IRQHandler                 0x0800030b   Thumb Code     0  startup_stm32f10x_hd.o(.text)
    DMA2_Channel3_IRQHandler                 0x0800030b   Thumb Code     0  startup_stm32f10x_hd.o(.text)
    DMA2_Channel4_5_IRQHandler               0x0800030b   Thumb Code     0  startup_stm32f10x_hd.o(.text)
    EXTI0_IRQHandler                         0x0800030b   Thumb Code     0  startup_stm32f10x_hd.o(.text)
    EXTI15_10_IRQHandler                     0x0800030b   Thumb Code     0  startup_stm32f10x_hd.o(.text)
    EXTI1_IRQHandler                         0x0800030b   Thumb Code     0  startup_stm32f10x_hd.o(.text)
    EXTI2_IRQHandler                         0x0800030b   Thumb Code     0  startup_stm32f10x_hd.o(.text)
    EXTI3_IRQHandler                         0x0800030b   Thumb Code     0  startup_stm32f10x_hd.o(.text)
    EXTI4_IRQHandler                         0x0800030b   Thumb Code     0  startup_stm32f10x_hd.o(.text)
    EXTI9_5_IRQHandler                       0x0800030b   Thumb Code     0  startup_stm32f10x_hd.o(.text)
    FLASH_IRQHandler                         0x0800030b   Thumb Code     0  startup_stm32f10x_hd.o(.text)
    FSMC_IRQHandler                          0x0800030b   Thumb Code     0  startup_stm32f10x_hd.o(.text)
    I2C1_ER_IRQHandler                       0x0800030b   Thumb Code     0  startup_stm32f10x_hd.o(.text)
    I2C1_EV_IRQHandler                       0x0800030b   Thumb Code     0  startup_stm32f10x_hd.o(.text)
    I2C2_ER_IRQHandler                       0x0800030b   Thumb Code     0  startup_stm32f10x_hd.o(.text)
    I2C2_EV_IRQHandler                       0x0800030b   Thumb Code     0  startup_stm32f10x_hd.o(.text)
    PVD_IRQHandler                           0x0800030b   Thumb Code     0  startup_stm32f10x_hd.o(.text)
    RCC_IRQHandler                           0x0800030b   Thumb Code     0  startup_stm32f10x_hd.o(.text)
    RTCAlarm_IRQHandler                      0x0800030b   Thumb Code     0  startup_stm32f10x_hd.o(.text)
    RTC_IRQHandler                           0x0800030b   Thumb Code     0  startup_stm32f10x_hd.o(.text)
    SDIO_IRQHandler                          0x0800030b   Thumb Code     0  startup_stm32f10x_hd.o(.text)
    SPI1_IRQHandler                          0x0800030b   Thumb Code     0  startup_stm32f10x_hd.o(.text)
    SPI2_IRQHandler                          0x0800030b   Thumb Code     0  startup_stm32f10x_hd.o(.text)
    SPI3_IRQHandler                          0x0800030b   Thumb Code     0  startup_stm32f10x_hd.o(.text)
    TAMPER_IRQHandler                        0x0800030b   Thumb Code     0  startup_stm32f10x_hd.o(.text)
    TIM1_BRK_IRQHandler                      0x0800030b   Thumb Code     0  startup_stm32f10x_hd.o(.text)
    TIM1_CC_IRQHandler                       0x0800030b   Thumb Code     0  startup_stm32f10x_hd.o(.text)
    TIM1_TRG_COM_IRQHandler                  0x0800030b   Thumb Code     0  startup_stm32f10x_hd.o(.text)
    TIM1_UP_IRQHandler                       0x0800030b   Thumb Code     0  startup_stm32f10x_hd.o(.text)
    TIM3_IRQHandler                          0x0800030b   Thumb Code     0  startup_stm32f10x_hd.o(.text)
    TIM4_IRQHandler                          0x0800030b   Thumb Code     0  startup_stm32f10x_hd.o(.text)
    TIM5_IRQHandler                          0x0800030b   Thumb Code     0  startup_stm32f10x_hd.o(.text)
    TIM6_IRQHandler                          0x0800030b   Thumb Code     0  startup_stm32f10x_hd.o(.text)
    TIM7_IRQHandler                          0x0800030b   Thumb Code     0  startup_stm32f10x_hd.o(.text)
    TIM8_BRK_IRQHandler                      0x0800030b   Thumb Code     0  startup_stm32f10x_hd.o(.text)
    TIM8_CC_IRQHandler                       0x0800030b   Thumb Code     0  startup_stm32f10x_hd.o(.text)
    TIM8_TRG_COM_IRQHandler                  0x0800030b   Thumb Code     0  startup_stm32f10x_hd.o(.text)
    TIM8_UP_IRQHandler                       0x0800030b   Thumb Code     0  startup_stm32f10x_hd.o(.text)
    UART4_IRQHandler                         0x0800030b   Thumb Code     0  startup_stm32f10x_hd.o(.text)
    UART5_IRQHandler                         0x0800030b   Thumb Code     0  startup_stm32f10x_hd.o(.text)
    USBWakeUp_IRQHandler                     0x0800030b   Thumb Code     0  startup_stm32f10x_hd.o(.text)
    USB_HP_CAN1_TX_IRQHandler                0x0800030b   Thumb Code     0  startup_stm32f10x_hd.o(.text)
    USB_LP_CAN1_RX0_IRQHandler               0x0800030b   Thumb Code     0  startup_stm32f10x_hd.o(.text)
    WWDG_IRQHandler                          0x0800030b   Thumb Code     0  startup_stm32f10x_hd.o(.text)
    __user_initial_stackheap                 0x0800030d   Thumb Code     0  startup_stm32f10x_hd.o(.text)
    __use_no_semihosting                     0x08000331   Thumb Code     2  use_no_semi_2.o(.text)
    vsprintf                                 0x08000335   Thumb Code    32  vsprintf.o(.text)
    srand                                    0x08000359   Thumb Code    42  rand.o(.text)
    _rand_init                               0x08000383   Thumb Code     4  rand.o(.text)
    strlen                                   0x08000395   Thumb Code    62  strlen.o(.text)
    __use_two_region_memory                  0x080003d3   Thumb Code     2  heapauxi.o(.text)
    __rt_heap_escrow$2region                 0x080003d5   Thumb Code     2  heapauxi.o(.text)
    __rt_heap_expand$2region                 0x080003d7   Thumb Code     2  heapauxi.o(.text)
    __I$use$semihosting                      0x080003d9   Thumb Code     0  use_no_semi.o(.text)
    __use_no_semihosting_swi                 0x080003d9   Thumb Code     2  use_no_semi.o(.text)
    _printf_pre_padding                      0x080003db   Thumb Code    44  _printf_pad.o(.text)
    _printf_post_padding                     0x08000407   Thumb Code    34  _printf_pad.o(.text)
    _printf_truncate_signed                  0x08000429   Thumb Code    18  _printf_truncate.o(.text)
    _printf_truncate_unsigned                0x0800043b   Thumb Code    18  _printf_truncate.o(.text)
    _printf_str                              0x0800044d   Thumb Code    82  _printf_str.o(.text)
    _printf_int_dec                          0x080004a1   Thumb Code   104  _printf_dec.o(.text)
    _printf_charcount                        0x08000519   Thumb Code    40  _printf_charcount.o(.text)
    _printf_char_common                      0x0800054b   Thumb Code    32  _printf_char_common.o(.text)
    _sputc                                   0x08000571   Thumb Code    10  _sputc.o(.text)
    _printf_wctomb                           0x0800057d   Thumb Code   182  _printf_wctomb.o(.text)
    _printf_longlong_dec                     0x08000639   Thumb Code   108  _printf_longlong_dec.o(.text)
    _printf_longlong_oct                     0x080006b5   Thumb Code    66  _printf_oct_int_ll.o(.text)
    _printf_int_oct                          0x080006f7   Thumb Code    24  _printf_oct_int_ll.o(.text)
    _printf_ll_oct                           0x0800070f   Thumb Code    12  _printf_oct_int_ll.o(.text)
    _printf_longlong_hex                     0x08000725   Thumb Code    86  _printf_hex_int_ll_ptr.o(.text)
    _printf_int_hex                          0x0800077b   Thumb Code    28  _printf_hex_int_ll_ptr.o(.text)
    _printf_ll_hex                           0x08000797   Thumb Code    12  _printf_hex_int_ll_ptr.o(.text)
    _printf_hex_ptr                          0x080007a3   Thumb Code    18  _printf_hex_int_ll_ptr.o(.text)
    __printf                                 0x080007b9   Thumb Code   388  __printf_flags_ss_wp.o(.text)
    _ll_udiv10                               0x08000941   Thumb Code   138  lludiv10.o(.text)
    _printf_int_common                       0x080009cb   Thumb Code   178  _printf_intcommon.o(.text)
    __lib_sel_fp_printf                      0x08000a7d   Thumb Code     2  _printf_fp_dec.o(.text)
    _printf_fp_dec_real                      0x08000c2f   Thumb Code   620  _printf_fp_dec.o(.text)
    _printf_fp_hex_real                      0x08000e9d   Thumb Code   756  _printf_fp_hex.o(.text)
    _printf_cs_common                        0x08001199   Thumb Code    20  _printf_char.o(.text)
    _printf_char                             0x080011ad   Thumb Code    16  _printf_char.o(.text)
    _printf_string                           0x080011bd   Thumb Code     8  _printf_char.o(.text)
    _printf_lcs_common                       0x080011c5   Thumb Code    20  _printf_wchar.o(.text)
    _printf_wchar                            0x080011d9   Thumb Code    16  _printf_wchar.o(.text)
    _printf_wstring                          0x080011e9   Thumb Code     8  _printf_wchar.o(.text)
    _wcrtomb                                 0x080011f1   Thumb Code    64  _wcrtomb.o(.text)
    __user_setup_stackheap                   0x08001231   Thumb Code    74  sys_stackheap_outer.o(.text)
    __rt_ctype_table                         0x0800127d   Thumb Code    16  rt_ctype_table.o(.text)
    __rt_locale                              0x0800128d   Thumb Code     8  rt_locale_intlibspace.o(.text)
    _printf_fp_infnan                        0x08001295   Thumb Code   112  _printf_fp_infnan.o(.text)
    _btod_etento                             0x08001315   Thumb Code   224  bigflt0.o(.text)
    exit                                     0x080013f9   Thumb Code    18  exit.o(.text)
    __user_libspace                          0x0800140d   Thumb Code     8  libspace.o(.text)
    __user_perproc_libspace                  0x0800140d   Thumb Code     0  libspace.o(.text)
    __user_perthread_libspace                0x0800140d   Thumb Code     0  libspace.o(.text)
    strcmp                                   0x08001415   Thumb Code   128  strcmpv7m.o(.text)
    _btod_d2e                                0x08001495   Thumb Code    62  btod.o(CL$$btod_d2e)
    _d2e_denorm_low                          0x080014d3   Thumb Code    70  btod.o(CL$$btod_d2e_denorm_low)
    _d2e_norm_op1                            0x08001519   Thumb Code    96  btod.o(CL$$btod_d2e_norm_op1)
    __btod_div_common                        0x08001579   Thumb Code   696  btod.o(CL$$btod_div_common)
    _e2e                                     0x080018b1   Thumb Code   220  btod.o(CL$$btod_e2e)
    _btod_ediv                               0x0800198d   Thumb Code    42  btod.o(CL$$btod_ediv)
    _btod_emul                               0x080019b7   Thumb Code    42  btod.o(CL$$btod_emul)
    __btod_mult_common                       0x080019e1   Thumb Code   580  btod.o(CL$$btod_mult_common)
    Administrator                            0x08001c25   Thumb Code   250  administrator.o(i.Administrator)
    Administrator_Select                     0x08001d3d   Thumb Code   198  administrator.o(i.Administrator_Select)
    BusFault_Handler                         0x08001e55   Thumb Code     4  stm32f10x_it.o(i.BusFault_Handler)
    DebugMon_Handler                         0x08001e59   Thumb Code     2  stm32f10x_it.o(i.DebugMon_Handler)
    Exist_TIM_Init                           0x08001e5d   Thumb Code   130  existtim.o(i.Exist_TIM_Init)
    GPIO_Init                                0x08001ee5   Thumb Code   278  stm32f10x_gpio.o(i.GPIO_Init)
    GPIO_PinRemapConfig                      0x08001ffd   Thumb Code   138  stm32f10x_gpio.o(i.GPIO_PinRemapConfig)
    GPIO_Pin_Init                            0x0800208d   Thumb Code    62  mygpio.o(i.GPIO_Pin_Init)
    GPIO_ReadInputData                       0x080020d1   Thumb Code     8  stm32f10x_gpio.o(i.GPIO_ReadInputData)
    GPIO_ResetBits                           0x080020d9   Thumb Code     4  stm32f10x_gpio.o(i.GPIO_ResetBits)
    GPIO_Write                               0x080020dd   Thumb Code     4  stm32f10x_gpio.o(i.GPIO_Write)
    GPIO_WriteBit                            0x080020e1   Thumb Code    10  stm32f10x_gpio.o(i.GPIO_WriteBit)
    GUI_DrawFont16                           0x080020ed   Thumb Code   252  gui.o(i.GUI_DrawFont16)
    GUI_DrawFont24                           0x080021f5   Thumb Code   268  gui.o(i.GUI_DrawFont24)
    GUI_DrawFont32                           0x0800230d   Thumb Code   252  gui.o(i.GUI_DrawFont32)
    Generate_data_reports                    0x08002415   Thumb Code   382  w25_data.o(i.Generate_data_reports)
    Gui_StrCenter                            0x080025d1   Thumb Code    60  gui.o(i.Gui_StrCenter)
    HardFault_Handler                        0x08002611   Thumb Code     4  stm32f10x_it.o(i.HardFault_Handler)
    Init_Refresh_unavailable                 0x08002615   Thumb Code    56  init_refresh_unavailable.o(i.Init_Refresh_unavailable)
    LCD_Clear                                0x08002659   Thumb Code    84  lcd.o(i.LCD_Clear)
    LCD_DrawPoint                            0x080026b5   Thumb Code    24  lcd.o(i.LCD_DrawPoint)
    LCD_Fill                                 0x080026d1   Thumb Code   110  gui.o(i.LCD_Fill)
    LCD_GPIOInit                             0x08002745   Thumb Code    40  lcd.o(i.LCD_GPIOInit)
    LCD_Init                                 0x08002771   Thumb Code   560  lcd.o(i.LCD_Init)
    LCD_SetCursor                            0x080029a1   Thumb Code    20  lcd.o(i.LCD_SetCursor)
    LCD_SetWindows                           0x080029b5   Thumb Code   108  lcd.o(i.LCD_SetWindows)
    LCD_ShowChar                             0x08002a25   Thumb Code   276  gui.o(i.LCD_ShowChar)
    LCD_ShowNum                              0x08002b49   Thumb Code   168  gui.o(i.LCD_ShowNum)
    LCD_ShowNum_back_black                   0x08002bf9   Thumb Code   164  gui.o(i.LCD_ShowNum_back_black)
    LCD_ShowNum_back_blue                    0x08002c9d   Thumb Code   164  gui.o(i.LCD_ShowNum_back_blue)
    LCD_WR_DATA                              0x08002d45   Thumb Code    34  lcd.o(i.LCD_WR_DATA)
    LCD_WR_REG                               0x08002d71   Thumb Code    34  lcd.o(i.LCD_WR_REG)
    LCD_WriteRAM_Prepare                     0x08002d9d   Thumb Code    12  lcd.o(i.LCD_WriteRAM_Prepare)
    LCD_WriteReg                             0x08002dad   Thumb Code    20  lcd.o(i.LCD_WriteReg)
    LCD_direction                            0x08002dc1   Thumb Code   144  lcd.o(i.LCD_direction)
    Lcd_WriteData_16Bit                      0x08002e55   Thumb Code    42  lcd.o(i.Lcd_WriteData_16Bit)
    Matrix_Key_Scan2                         0x08002e89   Thumb Code   494  matrix_key2.o(i.Matrix_Key_Scan2)
    Matrix_ssKey_Pin_Init                    0x0800307d   Thumb Code    58  matrix_key2.o(i.Matrix_ssKey_Pin_Init)
    MemManage_Handler                        0x080030bd   Thumb Code     4  stm32f10x_it.o(i.MemManage_Handler)
    MySPI_Init                               0x080030c1   Thumb Code   140  myspi_w25.o(i.MySPI_Init)
    MySPI_Start                              0x08003155   Thumb Code    10  myspi_w25.o(i.MySPI_Start)
    MySPI_Stop                               0x0800315f   Thumb Code    10  myspi_w25.o(i.MySPI_Stop)
    MySPI_SwapByte                           0x08003169   Thumb Code    50  myspi_w25.o(i.MySPI_SwapByte)
    MySPI_W_SS                               0x080031a1   Thumb Code    18  myspi_w25.o(i.MySPI_W_SS)
    My_JR6001_Init                           0x080031b9   Thumb Code    22  jr6001.o(i.My_JR6001_Init)
    My_JR6001_SetVolume                      0x080031d5   Thumb Code    46  jr6001.o(i.My_JR6001_SetVolume)
    My_JR6001_select_order                   0x08003221   Thumb Code    44  jr6001.o(i.My_JR6001_select_order)
    My_USART_Init                            0x08003295   Thumb Code    44  usart.o(i.My_USART_Init)
    NMI_Handler                              0x080032cd   Thumb Code     2  stm32f10x_it.o(i.NMI_Handler)
    NVIC_Init                                0x080032d1   Thumb Code   100  misc.o(i.NVIC_Init)
    NVIC_PriorityGroupConfig                 0x08003341   Thumb Code    10  misc.o(i.NVIC_PriorityGroupConfig)
    PendSV_Handler                           0x08003355   Thumb Code     2  stm32f10x_it.o(i.PendSV_Handler)
    RCC_APB1PeriphClockCmd                   0x08003359   Thumb Code    26  stm32f10x_rcc.o(i.RCC_APB1PeriphClockCmd)
    RCC_APB1PeriphResetCmd                   0x08003379   Thumb Code    26  stm32f10x_rcc.o(i.RCC_APB1PeriphResetCmd)
    RCC_APB2PeriphClockCmd                   0x08003399   Thumb Code    26  stm32f10x_rcc.o(i.RCC_APB2PeriphClockCmd)
    RCC_APB2PeriphResetCmd                   0x080033b9   Thumb Code    26  stm32f10x_rcc.o(i.RCC_APB2PeriphResetCmd)
    RCC_GetClocksFreq                        0x080033d9   Thumb Code   192  stm32f10x_rcc.o(i.RCC_GetClocksFreq)
    SG90PWM_Init                             0x080034ad   Thumb Code   208  sg90pwm.o(i.SG90PWM_Init)
    SG90_Start_Zeroing_Init                  0x08003585   Thumb Code    64  sg90start_zeroing.o(i.SG90_Start_Zeroing_Init)
    SG90_select                              0x080035c5   Thumb Code   230  sg90pwm.o(i.SG90_select)
    SPI2_Init                                0x080036f1   Thumb Code   120  spi_tft.o(i.SPI2_Init)
    SPI_Cmd                                  0x08003771   Thumb Code    24  stm32f10x_spi.o(i.SPI_Cmd)
    SPI_I2S_GetFlagStatus                    0x08003789   Thumb Code    18  stm32f10x_spi.o(i.SPI_I2S_GetFlagStatus)
    SPI_I2S_ReceiveData                      0x0800379b   Thumb Code     6  stm32f10x_spi.o(i.SPI_I2S_ReceiveData)
    SPI_I2S_SendData                         0x080037a1   Thumb Code     4  stm32f10x_spi.o(i.SPI_I2S_SendData)
    SPI_Init                                 0x080037a5   Thumb Code    60  stm32f10x_spi.o(i.SPI_Init)
    SPI_WriteByte                            0x080037e1   Thumb Code    34  spi_tft.o(i.SPI_WriteByte)
    SVC_Handler                              0x08003803   Thumb Code     2  stm32f10x_it.o(i.SVC_Handler)
    Serial_JDY31_Init                        0x08003805   Thumb Code   168  serial_jdy31.o(i.Serial_JDY31_Init)
    Serial_Printf                            0x080038b5   Thumb Code    36  serial_jdy31.o(i.Serial_Printf)
    Serial_SendArray                         0x080038d9   Thumb Code    26  serial_jdy31.o(i.Serial_SendArray)
    Serial_SendByte                          0x080038f5   Thumb Code    28  serial_jdy31.o(i.Serial_SendByte)
    Serial_SendString                        0x08003915   Thumb Code    26  serial_jdy31.o(i.Serial_SendString)
    SetSG90PWM_OC_CH1_TIM4                   0x08003931   Thumb Code    14  sg90pwm.o(i.SetSG90PWM_OC_CH1_TIM4)
    SetSG90PWM_OC_CH2_TIM4                   0x08003945   Thumb Code    14  sg90pwm.o(i.SetSG90PWM_OC_CH2_TIM4)
    SetSG90PWM_OC_CH3_TIM3                   0x08003959   Thumb Code    14  sg90pwm.o(i.SetSG90PWM_OC_CH3_TIM3)
    SetSG90PWM_OC_CH3_TIM4                   0x0800396d   Thumb Code    14  sg90pwm.o(i.SetSG90PWM_OC_CH3_TIM4)
    SetSG90PWM_OC_CH4_TIM4                   0x08003981   Thumb Code    14  sg90pwm.o(i.SetSG90PWM_OC_CH4_TIM4)
    Shift_Angle                              0x08003a7d   Thumb Code    42  sg90angle.o(i.Shift_Angle)
    Show_Str                                 0x08003ab5   Thumb Code   264  gui.o(i.Show_Str)
    SysTick_CLKSourceConfig                  0x08003bc1   Thumb Code    40  misc.o(i.SysTick_CLKSourceConfig)
    SysTick_Handler                          0x08003be9   Thumb Code     2  stm32f10x_it.o(i.SysTick_Handler)
    SystemInit                               0x08003bed   Thumb Code    78  system_stm32f10x.o(i.SystemInit)
    TIM2_IRQHandler                          0x08003c4d   Thumb Code    38  existtim.o(i.TIM2_IRQHandler)
    TIM_ClearFlag                            0x08003c79   Thumb Code     6  stm32f10x_tim.o(i.TIM_ClearFlag)
    TIM_ClearITPendingBit                    0x08003c7f   Thumb Code     6  stm32f10x_tim.o(i.TIM_ClearITPendingBit)
    TIM_Cmd                                  0x08003c85   Thumb Code    24  stm32f10x_tim.o(i.TIM_Cmd)
    TIM_GetCounter                           0x08003c9d   Thumb Code     6  stm32f10x_tim.o(i.TIM_GetCounter)
    TIM_GetITStatus                          0x08003ca3   Thumb Code    34  stm32f10x_tim.o(i.TIM_GetITStatus)
    TIM_ITConfig                             0x08003cc5   Thumb Code    18  stm32f10x_tim.o(i.TIM_ITConfig)
    TIM_InternalClockConfig                  0x08003cd7   Thumb Code    12  stm32f10x_tim.o(i.TIM_InternalClockConfig)
    TIM_OC1Init                              0x08003ce5   Thumb Code   132  stm32f10x_tim.o(i.TIM_OC1Init)
    TIM_OC2Init                              0x08003d7d   Thumb Code   154  stm32f10x_tim.o(i.TIM_OC2Init)
    TIM_OC3Init                              0x08003e21   Thumb Code   150  stm32f10x_tim.o(i.TIM_OC3Init)
    TIM_OC4Init                              0x08003ec1   Thumb Code   114  stm32f10x_tim.o(i.TIM_OC4Init)
    TIM_OCStructInit                         0x08003f3d   Thumb Code    20  stm32f10x_tim.o(i.TIM_OCStructInit)
    TIM_SetCompare1                          0x08003f51   Thumb Code     4  stm32f10x_tim.o(i.TIM_SetCompare1)
    TIM_SetCompare2                          0x08003f55   Thumb Code     4  stm32f10x_tim.o(i.TIM_SetCompare2)
    TIM_SetCompare3                          0x08003f59   Thumb Code     4  stm32f10x_tim.o(i.TIM_SetCompare3)
    TIM_SetCompare4                          0x08003f5d   Thumb Code     6  stm32f10x_tim.o(i.TIM_SetCompare4)
    TIM_TimeBaseInit                         0x08003f65   Thumb Code   122  stm32f10x_tim.o(i.TIM_TimeBaseInit)
    USART1_IRQHandler                        0x08004009   Thumb Code   122  usart.o(i.USART1_IRQHandler)
    USART2_IRQHandler                        0x08004091   Thumb Code   122  usart.o(i.USART2_IRQHandler)
    USART3_IRQHandler                        0x08004119   Thumb Code    32  serial_jdy31.o(i.USART3_IRQHandler)
    USART_ClearFlag                          0x0800413d   Thumb Code    18  stm32f10x_usart.o(i.USART_ClearFlag)
    USART_ClearITPendingBit                  0x0800414f   Thumb Code    30  stm32f10x_usart.o(i.USART_ClearITPendingBit)
    USART_Cmd                                0x0800416d   Thumb Code    24  stm32f10x_usart.o(i.USART_Cmd)
    USART_DeInit                             0x08004185   Thumb Code   134  stm32f10x_usart.o(i.USART_DeInit)
    USART_GetFlagStatus                      0x08004221   Thumb Code    26  stm32f10x_usart.o(i.USART_GetFlagStatus)
    USART_GetITStatus                        0x0800423b   Thumb Code    84  stm32f10x_usart.o(i.USART_GetITStatus)
    USART_ITConfig                           0x0800428f   Thumb Code    74  stm32f10x_usart.o(i.USART_ITConfig)
    USART_Init                               0x080042d9   Thumb Code   210  stm32f10x_usart.o(i.USART_Init)
    USART_ReceiveData                        0x080043b1   Thumb Code    10  stm32f10x_usart.o(i.USART_ReceiveData)
    USART_SendData                           0x080043bb   Thumb Code     8  stm32f10x_usart.o(i.USART_SendData)
    USART_SendString                         0x080043c3   Thumb Code    58  usart.o(i.USART_SendString)
    UsageFault_Handler                       0x080043fd   Thumb Code     4  stm32f10x_it.o(i.UsageFault_Handler)
    Usart1_Init                              0x08004401   Thumb Code   164  usart.o(i.Usart1_Init)
    Usart2_Init                              0x080044ad   Thumb Code   160  usart.o(i.Usart2_Init)
    Usart3_Init                              0x08004555   Thumb Code     2  usart.o(i.Usart3_Init)
    W25Q64_BlockErase                        0x08004557   Thumb Code    50  w25q64.o(i.W25Q64_BlockErase)
    W25Q64_Init                              0x08004589   Thumb Code     8  w25q64.o(i.W25Q64_Init)
    W25Q64_PageProgram                       0x08004591   Thumb Code    76  w25q64.o(i.W25Q64_PageProgram)
    W25Q64_PageProgram_char                  0x080045dd   Thumb Code    76  w25q64.o(i.W25Q64_PageProgram_char)
    W25Q64_ReadData                          0x08004629   Thumb Code    68  w25q64.o(i.W25Q64_ReadData)
    W25Q64_ReadData_char                     0x0800466d   Thumb Code    68  w25q64.o(i.W25Q64_ReadData_char)
    W25Q64_SecotErase                        0x080046b1   Thumb Code    50  w25q64.o(i.W25Q64_SecotErase)
    W25Q64_WaitBusy                          0x080046e5   Thumb Code    44  w25q64.o(i.W25Q64_WaitBusy)
    W25Q64_WriteEnable                       0x08004715   Thumb Code    18  w25q64.o(i.W25Q64_WriteEnable)
    W25_Arrary_Int_clear                     0x08004727   Thumb Code    34  myspi_w25.o(i.W25_Arrary_Int_clear)
    W25_Array_Int_length                     0x08004749   Thumb Code    18  myspi_w25.o(i.W25_Array_Int_length)
    W25_Input_Phone_Num                      0x0800475d   Thumb Code   160  w25_store_password.o(i.W25_Input_Phone_Num)
    __ARM_fpclassify                         0x08004811   Thumb Code    40  fpclassify.o(i.__ARM_fpclassify)
    _is_digit                                0x08004839   Thumb Code    14  __printf_wp.o(i._is_digit)
    _sys_exit                                0x08004847   Thumb Code     4  usart.o(i._sys_exit)
    delay_init                               0x0800484d   Thumb Code    52  delay.o(i.delay_init)
    delay_ms                                 0x08004889   Thumb Code    56  delay.o(i.delay_ms)
    delay_us                                 0x080048c5   Thumb Code    56  delay.o(i.delay_us)
    jdy31_Rx_Data                            0x08004901   Thumb Code   658  serial_jdy31.o(i.jdy31_Rx_Data)
    lcd_menu_1st                             0x08004c45   Thumb Code   178  lcd_menu.o(i.lcd_menu_1st)
    lcd_menu_2nd                             0x08004d55   Thumb Code    68  lcd_menu.o(i.lcd_menu_2nd)
    lcd_menu_3rd                             0x08004db9   Thumb Code   174  lcd_menu.o(i.lcd_menu_3rd)
    lcd_menu_4th                             0x08004eb5   Thumb Code   224  lcd_menu.o(i.lcd_menu_4th)
    lcd_menu_Exist                           0x08004ff1   Thumb Code   142  lcd_menu.o(i.lcd_menu_Exist)
    lcd_menu_Init                            0x080050a5   Thumb Code   216  lcd_menu.o(i.lcd_menu_Init)
    main                                     0x080051d5   Thumb Code   372  main.o(i.main)
    menu_1st_pick                            0x08005365   Thumb Code   624  w25_store_password.o(i.menu_1st_pick)
    menu_3rd_store                           0x08005619   Thumb Code   746  w25_store_password.o(i.menu_3rd_store)
    mypow                                    0x08005959   Thumb Code    22  gui.o(i.mypow)
    return_code                              0x08005971   Thumb Code   116  returncode_jdy31.o(i.return_code)
    store_password                           0x080059e9   Thumb Code   250  w25_store_password.o(i.store_password)
    _get_lc_numeric                          0x08005b01   Thumb Code    44  lc_numeric_c.o(locale$$code)
    _get_lc_ctype                            0x08005b2d   Thumb Code    44  lc_ctype_c.o(locale$$code)
    __aeabi_fadd                             0x08005b59   Thumb Code     0  faddsub_clz.o(x$fpl$fadd)
    _fadd                                    0x08005b59   Thumb Code   196  faddsub_clz.o(x$fpl$fadd)
    __aeabi_fdiv                             0x08005c1d   Thumb Code     0  fdiv.o(x$fpl$fdiv)
    _fdiv                                    0x08005c1d   Thumb Code   384  fdiv.o(x$fpl$fdiv)
    __aeabi_f2uiz                            0x08005da1   Thumb Code     0  ffixu.o(x$fpl$ffixu)
    _ffixu                                   0x08005da1   Thumb Code    62  ffixu.o(x$fpl$ffixu)
    __aeabi_fmul                             0x08005de1   Thumb Code     0  fmul.o(x$fpl$fmul)
    _fmul                                    0x08005de1   Thumb Code   258  fmul.o(x$fpl$fmul)
    __fpl_fnaninf                            0x08005ee3   Thumb Code   140  fnaninf.o(x$fpl$fnaninf)
    __fpl_fretinf                            0x08005f6f   Thumb Code    10  fretinf.o(x$fpl$fretinf)
    __aeabi_fsub                             0x08005f79   Thumb Code     0  faddsub_clz.o(x$fpl$fsub)
    _fsub                                    0x08005f79   Thumb Code   234  faddsub_clz.o(x$fpl$fsub)
    _printf_fp_dec                           0x08006063   Thumb Code     4  printf1.o(x$fpl$printf1)
    _printf_fp_hex                           0x08006067   Thumb Code     4  printf2.o(x$fpl$printf2)
    __I$use$fp                               0x0800606a   Number         0  usenofp.o(x$fpl$usenofp)
    asc2_1206                                0x0800606a   Data        1140  gui.o(.constdata)
    asc2_1608                                0x080064de   Data        1520  gui.o(.constdata)
    tfont16                                  0x08006ace   Data        4046  gui.o(.constdata)
    tfont24                                  0x08007a9c   Data         518  gui.o(.constdata)
    tfont32                                  0x08007ca2   Data         520  gui.o(.constdata)
    Region$$Table$$Base                      0x08007fa8   Number         0  anon$$obj.o(Region$$Table)
    Region$$Table$$Limit                     0x08007fc8   Number         0  anon$$obj.o(Region$$Table)
    __ctype                                  0x08007ff1   Data           0  lc_ctype_c.o(locale$$data)
    __stdout                                 0x20000014   Data           4  usart.o(.data)
    USART1_RX_STA                            0x20000018   Data           2  usart.o(.data)
    USART2_RX_STA                            0x2000001a   Data           2  usart.o(.data)
    USART3_RX_STA                            0x2000001c   Data           2  usart.o(.data)
    TIM_judge_val_1                          0x20000022   Data           1  existtim.o(.data)
    POINT_COLOR                              0x20000024   Data           2  lcd.o(.data)
    BACK_COLOR                               0x20000026   Data           2  lcd.o(.data)
    DeviceCode                               0x20000028   Data           2  lcd.o(.data)
    PHONE_JUDGE_CODE                         0x2000002a   Data           1  w25_store_password.o(.data)
    CAPTCHA                                  0x2000002b   Data           5  w25_store_password.o(.data)
    CAPTCHA_FLASH_R                          0x20000030   Data           5  w25_store_password.o(.data)
    Num                                      0x20000035   Data           1  w25_store_password.o(.data)
    temp                                     0x20000036   Data           1  w25_store_password.o(.data)
    Array_index                              0x20000037   Data           1  w25_store_password.o(.data)
    temp_refresh_unavailable                 0x20000038   Data           1  init_refresh_unavailable.o(.data)
    RxState                                  0x2000003a   Data           1  serial_jdy31.o(.data)
    pRxPacker                                0x2000003b   Data           1  serial_jdy31.o(.data)
    Serial_RxData                            0x2000003c   Data           2  serial_jdy31.o(.data)
    Serial_RxFlag                            0x2000003e   Data           1  serial_jdy31.o(.data)
    testQr_image                             0x20000040   Data        1300  main.o(.data)
    TxData_8_Code                            0x20000554   Data           5  main.o(.data)
    RxData_8_Code                            0x20000559   Data           5  main.o(.data)
    unavailable                              0x2000055e   Data           2  main.o(.data)
    lcd_Exist_flag                           0x20000560   Data           1  main.o(.data)
    key_Num_1                                0x20000561   Data           3  main.o(.data)
    USART1_RX_BUF                            0x20000564   Data         200  usart.o(.bss)
    USART2_RX_BUF                            0x2000062c   Data         200  usart.o(.bss)
    USART3_RX_BUF                            0x200006f4   Data         200  usart.o(.bss)
    lcddev                                   0x200007bc   Data          16  lcd.o(.bss)
    Input_Phone_Num                          0x200007cc   Data          11  w25_store_password.o(.bss)
    TxData_16                                0x200007d8   Data          22  main.o(.bss)
    RxData_8_match                           0x200007ee   Data          11  main.o(.bss)
    RxData_8_jdy                             0x200007f9   Data          11  main.o(.bss)
    _random_number_data                      0x20000804   Data         228  rand.o(.bss)
    __libspace_start                         0x200008e8   Data          96  libspace.o(.bss)
    __temporary_stack_top$libspace           0x20000948   Data           0  libspace.o(.bss)



==============================================================================

Memory Map of the image

  Image Entry point : 0x08000131

  Load Region LR_IROM1 (Base: 0x08000000, Size: 0x00008658, Max: 0x00010000, ABSOLUTE, COMPRESSED[0x00008218])

    Execution Region ER_IROM1 (Exec base: 0x08000000, Load base: 0x08000000, Size: 0x000080f4, Max: 0x00010000, ABSOLUTE)

    Exec Addr    Load Addr    Size         Type   Attr      Idx    E Section Name        Object

    0x08000000   0x08000000   0x00000130   Data   RO         3138    RESET               startup_stm32f10x_hd.o
    0x08000130   0x08000130   0x00000008   Code   RO         4666  * !!!main             c_w.l(__main.o)
    0x08000138   0x08000138   0x00000034   Code   RO         5007    !!!scatter          c_w.l(__scatter.o)
    0x0800016c   0x0800016c   0x0000005a   Code   RO         5005    !!dczerorl2         c_w.l(__dczerorl2.o)
    0x080001c6   0x080001c6   0x00000002   PAD
    0x080001c8   0x080001c8   0x0000001c   Code   RO         5009    !!handler_zi        c_w.l(__scatter_zi.o)
    0x080001e4   0x080001e4   0x00000000   Code   RO         4768    .ARM.Collect$$_printf_percent$$00000000  c_w.l(_printf_percent.o)
    0x080001e4   0x080001e4   0x00000006   Code   RO         4757    .ARM.Collect$$_printf_percent$$00000001  c_w.l(_printf_n.o)
    0x080001ea   0x080001ea   0x00000006   Code   RO         4759    .ARM.Collect$$_printf_percent$$00000002  c_w.l(_printf_p.o)
    0x080001f0   0x080001f0   0x00000006   Code   RO         4764    .ARM.Collect$$_printf_percent$$00000003  c_w.l(_printf_f.o)
    0x080001f6   0x080001f6   0x00000006   Code   RO         4765    .ARM.Collect$$_printf_percent$$00000004  c_w.l(_printf_e.o)
    0x080001fc   0x080001fc   0x00000006   Code   RO         4766    .ARM.Collect$$_printf_percent$$00000005  c_w.l(_printf_g.o)
    0x08000202   0x08000202   0x00000006   Code   RO         4767    .ARM.Collect$$_printf_percent$$00000006  c_w.l(_printf_a.o)
    0x08000208   0x08000208   0x0000000a   Code   RO         4772    .ARM.Collect$$_printf_percent$$00000007  c_w.l(_printf_ll.o)
    0x08000212   0x08000212   0x00000006   Code   RO         4761    .ARM.Collect$$_printf_percent$$00000008  c_w.l(_printf_i.o)
    0x08000218   0x08000218   0x00000006   Code   RO         4762    .ARM.Collect$$_printf_percent$$00000009  c_w.l(_printf_d.o)
    0x0800021e   0x0800021e   0x00000006   Code   RO         4763    .ARM.Collect$$_printf_percent$$0000000A  c_w.l(_printf_u.o)
    0x08000224   0x08000224   0x00000006   Code   RO         4760    .ARM.Collect$$_printf_percent$$0000000B  c_w.l(_printf_o.o)
    0x0800022a   0x0800022a   0x00000006   Code   RO         4758    .ARM.Collect$$_printf_percent$$0000000C  c_w.l(_printf_x.o)
    0x08000230   0x08000230   0x00000006   Code   RO         4769    .ARM.Collect$$_printf_percent$$0000000D  c_w.l(_printf_lli.o)
    0x08000236   0x08000236   0x00000006   Code   RO         4770    .ARM.Collect$$_printf_percent$$0000000E  c_w.l(_printf_lld.o)
    0x0800023c   0x0800023c   0x00000006   Code   RO         4771    .ARM.Collect$$_printf_percent$$0000000F  c_w.l(_printf_llu.o)
    0x08000242   0x08000242   0x00000006   Code   RO         4776    .ARM.Collect$$_printf_percent$$00000010  c_w.l(_printf_llo.o)
    0x08000248   0x08000248   0x00000006   Code   RO         4777    .ARM.Collect$$_printf_percent$$00000011  c_w.l(_printf_llx.o)
    0x0800024e   0x0800024e   0x0000000a   Code   RO         4773    .ARM.Collect$$_printf_percent$$00000012  c_w.l(_printf_l.o)
    0x08000258   0x08000258   0x00000006   Code   RO         4755    .ARM.Collect$$_printf_percent$$00000013  c_w.l(_printf_c.o)
    0x0800025e   0x0800025e   0x00000006   Code   RO         4756    .ARM.Collect$$_printf_percent$$00000014  c_w.l(_printf_s.o)
    0x08000264   0x08000264   0x00000006   Code   RO         4774    .ARM.Collect$$_printf_percent$$00000015  c_w.l(_printf_lc.o)
    0x0800026a   0x0800026a   0x00000006   Code   RO         4775    .ARM.Collect$$_printf_percent$$00000016  c_w.l(_printf_ls.o)
    0x08000270   0x08000270   0x00000004   Code   RO         4866    .ARM.Collect$$_printf_percent$$00000017  c_w.l(_printf_percent_end.o)
    0x08000274   0x08000274   0x00000002   Code   RO         4923    .ARM.Collect$$libinit$$00000000  c_w.l(libinit.o)
    0x08000276   0x08000276   0x00000000   Code   RO         4779    .ARM.Collect$$libinit$$00000002  c_w.l(libinit2.o)
    0x08000276   0x08000276   0x00000000   Code   RO         4781    .ARM.Collect$$libinit$$00000004  c_w.l(libinit2.o)
    0x08000276   0x08000276   0x00000000   Code   RO         4784    .ARM.Collect$$libinit$$0000000A  c_w.l(libinit2.o)
    0x08000276   0x08000276   0x00000000   Code   RO         4786    .ARM.Collect$$libinit$$0000000C  c_w.l(libinit2.o)
    0x08000276   0x08000276   0x00000004   Code   RO         4787    .ARM.Collect$$libinit$$0000000D  c_w.l(libinit2.o)
    0x0800027a   0x0800027a   0x00000000   Code   RO         4788    .ARM.Collect$$libinit$$0000000E  c_w.l(libinit2.o)
    0x0800027a   0x0800027a   0x00000006   Code   RO         4789    .ARM.Collect$$libinit$$0000000F  c_w.l(libinit2.o)
    0x08000280   0x08000280   0x00000000   Code   RO         4791    .ARM.Collect$$libinit$$00000011  c_w.l(libinit2.o)
    0x08000280   0x08000280   0x0000000c   Code   RO         4792    .ARM.Collect$$libinit$$00000012  c_w.l(libinit2.o)
    0x0800028c   0x0800028c   0x00000000   Code   RO         4793    .ARM.Collect$$libinit$$00000013  c_w.l(libinit2.o)
    0x0800028c   0x0800028c   0x00000000   Code   RO         4795    .ARM.Collect$$libinit$$00000015  c_w.l(libinit2.o)
    0x0800028c   0x0800028c   0x0000000a   Code   RO         4796    .ARM.Collect$$libinit$$00000016  c_w.l(libinit2.o)
    0x08000296   0x08000296   0x00000000   Code   RO         4797    .ARM.Collect$$libinit$$00000017  c_w.l(libinit2.o)
    0x08000296   0x08000296   0x00000000   Code   RO         4799    .ARM.Collect$$libinit$$00000019  c_w.l(libinit2.o)
    0x08000296   0x08000296   0x00000000   Code   RO         4801    .ARM.Collect$$libinit$$0000001B  c_w.l(libinit2.o)
    0x08000296   0x08000296   0x00000000   Code   RO         4803    .ARM.Collect$$libinit$$0000001D  c_w.l(libinit2.o)
    0x08000296   0x08000296   0x00000000   Code   RO         4805    .ARM.Collect$$libinit$$0000001F  c_w.l(libinit2.o)
    0x08000296   0x08000296   0x00000000   Code   RO         4807    .ARM.Collect$$libinit$$00000021  c_w.l(libinit2.o)
    0x08000296   0x08000296   0x00000000   Code   RO         4809    .ARM.Collect$$libinit$$00000023  c_w.l(libinit2.o)
    0x08000296   0x08000296   0x00000000   Code   RO         4811    .ARM.Collect$$libinit$$00000025  c_w.l(libinit2.o)
    0x08000296   0x08000296   0x00000000   Code   RO         4815    .ARM.Collect$$libinit$$0000002C  c_w.l(libinit2.o)
    0x08000296   0x08000296   0x00000000   Code   RO         4817    .ARM.Collect$$libinit$$0000002E  c_w.l(libinit2.o)
    0x08000296   0x08000296   0x00000000   Code   RO         4819    .ARM.Collect$$libinit$$00000030  c_w.l(libinit2.o)
    0x08000296   0x08000296   0x00000000   Code   RO         4821    .ARM.Collect$$libinit$$00000032  c_w.l(libinit2.o)
    0x08000296   0x08000296   0x00000002   Code   RO         4822    .ARM.Collect$$libinit$$00000033  c_w.l(libinit2.o)
    0x08000298   0x08000298   0x00000002   Code   RO         4966    .ARM.Collect$$libshutdown$$00000000  c_w.l(libshutdown.o)
    0x0800029a   0x0800029a   0x00000000   Code   RO         4972    .ARM.Collect$$libshutdown$$00000002  c_w.l(libshutdown2.o)
    0x0800029a   0x0800029a   0x00000000   Code   RO         4974    .ARM.Collect$$libshutdown$$00000004  c_w.l(libshutdown2.o)
    0x0800029a   0x0800029a   0x00000000   Code   RO         4977    .ARM.Collect$$libshutdown$$00000007  c_w.l(libshutdown2.o)
    0x0800029a   0x0800029a   0x00000000   Code   RO         4980    .ARM.Collect$$libshutdown$$0000000A  c_w.l(libshutdown2.o)
    0x0800029a   0x0800029a   0x00000000   Code   RO         4982    .ARM.Collect$$libshutdown$$0000000C  c_w.l(libshutdown2.o)
    0x0800029a   0x0800029a   0x00000000   Code   RO         4985    .ARM.Collect$$libshutdown$$0000000F  c_w.l(libshutdown2.o)
    0x0800029a   0x0800029a   0x00000002   Code   RO         4986    .ARM.Collect$$libshutdown$$00000010  c_w.l(libshutdown2.o)
    0x0800029c   0x0800029c   0x00000000   Code   RO         4686    .ARM.Collect$$rtentry$$00000000  c_w.l(__rtentry.o)
    0x0800029c   0x0800029c   0x00000000   Code   RO         4837    .ARM.Collect$$rtentry$$00000002  c_w.l(__rtentry2.o)
    0x0800029c   0x0800029c   0x00000006   Code   RO         4849    .ARM.Collect$$rtentry$$00000004  c_w.l(__rtentry4.o)
    0x080002a2   0x080002a2   0x00000000   Code   RO         4839    .ARM.Collect$$rtentry$$00000009  c_w.l(__rtentry2.o)
    0x080002a2   0x080002a2   0x00000004   Code   RO         4840    .ARM.Collect$$rtentry$$0000000A  c_w.l(__rtentry2.o)
    0x080002a6   0x080002a6   0x00000000   Code   RO         4842    .ARM.Collect$$rtentry$$0000000C  c_w.l(__rtentry2.o)
    0x080002a6   0x080002a6   0x00000008   Code   RO         4843    .ARM.Collect$$rtentry$$0000000D  c_w.l(__rtentry2.o)
    0x080002ae   0x080002ae   0x00000002   Code   RO         4933    .ARM.Collect$$rtexit$$00000000  c_w.l(rtexit.o)
    0x080002b0   0x080002b0   0x00000000   Code   RO         4948    .ARM.Collect$$rtexit$$00000002  c_w.l(rtexit2.o)
    0x080002b0   0x080002b0   0x00000004   Code   RO         4949    .ARM.Collect$$rtexit$$00000003  c_w.l(rtexit2.o)
    0x080002b4   0x080002b4   0x00000006   Code   RO         4950    .ARM.Collect$$rtexit$$00000004  c_w.l(rtexit2.o)
    0x080002ba   0x080002ba   0x00000002   PAD
    0x080002bc   0x080002bc   0x00000034   Code   RO         4657    .emb_text           c_w.l(rand.o)
    0x080002f0   0x080002f0   0x00000040   Code   RO         3139    .text               startup_stm32f10x_hd.o
    0x08000330   0x08000330   0x00000002   Code   RO         4653    .text               c_w.l(use_no_semi_2.o)
    0x08000332   0x08000332   0x00000002   PAD
    0x08000334   0x08000334   0x00000024   Code   RO         4655    .text               c_w.l(vsprintf.o)
    0x08000358   0x08000358   0x0000003c   Code   RO         4658    .text               c_w.l(rand.o)
    0x08000394   0x08000394   0x0000003e   Code   RO         4662    .text               c_w.l(strlen.o)
    0x080003d2   0x080003d2   0x00000006   Code   RO         4664    .text               c_w.l(heapauxi.o)
    0x080003d8   0x080003d8   0x00000002   Code   RO         4684    .text               c_w.l(use_no_semi.o)
    0x080003da   0x080003da   0x0000004e   Code   RO         4689    .text               c_w.l(_printf_pad.o)
    0x08000428   0x08000428   0x00000024   Code   RO         4691    .text               c_w.l(_printf_truncate.o)
    0x0800044c   0x0800044c   0x00000052   Code   RO         4693    .text               c_w.l(_printf_str.o)
    0x0800049e   0x0800049e   0x00000002   PAD
    0x080004a0   0x080004a0   0x00000078   Code   RO         4695    .text               c_w.l(_printf_dec.o)
    0x08000518   0x08000518   0x00000028   Code   RO         4697    .text               c_w.l(_printf_charcount.o)
    0x08000540   0x08000540   0x00000030   Code   RO         4699    .text               c_w.l(_printf_char_common.o)
    0x08000570   0x08000570   0x0000000a   Code   RO         4701    .text               c_w.l(_sputc.o)
    0x0800057a   0x0800057a   0x00000002   PAD
    0x0800057c   0x0800057c   0x000000bc   Code   RO         4703    .text               c_w.l(_printf_wctomb.o)
    0x08000638   0x08000638   0x0000007c   Code   RO         4706    .text               c_w.l(_printf_longlong_dec.o)
    0x080006b4   0x080006b4   0x00000070   Code   RO         4712    .text               c_w.l(_printf_oct_int_ll.o)
    0x08000724   0x08000724   0x00000094   Code   RO         4732    .text               c_w.l(_printf_hex_int_ll_ptr.o)
    0x080007b8   0x080007b8   0x00000188   Code   RO         4752    .text               c_w.l(__printf_flags_ss_wp.o)
    0x08000940   0x08000940   0x0000008a   Code   RO         4851    .text               c_w.l(lludiv10.o)
    0x080009ca   0x080009ca   0x000000b2   Code   RO         4853    .text               c_w.l(_printf_intcommon.o)
    0x08000a7c   0x08000a7c   0x0000041e   Code   RO         4855    .text               c_w.l(_printf_fp_dec.o)
    0x08000e9a   0x08000e9a   0x00000002   PAD
    0x08000e9c   0x08000e9c   0x000002fc   Code   RO         4857    .text               c_w.l(_printf_fp_hex.o)
    0x08001198   0x08001198   0x0000002c   Code   RO         4862    .text               c_w.l(_printf_char.o)
    0x080011c4   0x080011c4   0x0000002c   Code   RO         4864    .text               c_w.l(_printf_wchar.o)
    0x080011f0   0x080011f0   0x00000040   Code   RO         4867    .text               c_w.l(_wcrtomb.o)
    0x08001230   0x08001230   0x0000004a   Code   RO         4873    .text               c_w.l(sys_stackheap_outer.o)
    0x0800127a   0x0800127a   0x00000002   PAD
    0x0800127c   0x0800127c   0x00000010   Code   RO         4875    .text               c_w.l(rt_ctype_table.o)
    0x0800128c   0x0800128c   0x00000008   Code   RO         4880    .text               c_w.l(rt_locale_intlibspace.o)
    0x08001294   0x08001294   0x00000080   Code   RO         4882    .text               c_w.l(_printf_fp_infnan.o)
    0x08001314   0x08001314   0x000000e4   Code   RO         4884    .text               c_w.l(bigflt0.o)
    0x080013f8   0x080013f8   0x00000012   Code   RO         4912    .text               c_w.l(exit.o)
    0x0800140a   0x0800140a   0x00000002   PAD
    0x0800140c   0x0800140c   0x00000008   Code   RO         4930    .text               c_w.l(libspace.o)
    0x08001414   0x08001414   0x00000080   Code   RO         4944    .text               c_w.l(strcmpv7m.o)
    0x08001494   0x08001494   0x0000003e   Code   RO         4887    CL$$btod_d2e        c_w.l(btod.o)
    0x080014d2   0x080014d2   0x00000046   Code   RO         4889    CL$$btod_d2e_denorm_low  c_w.l(btod.o)
    0x08001518   0x08001518   0x00000060   Code   RO         4888    CL$$btod_d2e_norm_op1  c_w.l(btod.o)
    0x08001578   0x08001578   0x00000338   Code   RO         4897    CL$$btod_div_common  c_w.l(btod.o)
    0x080018b0   0x080018b0   0x000000dc   Code   RO         4894    CL$$btod_e2e        c_w.l(btod.o)
    0x0800198c   0x0800198c   0x0000002a   Code   RO         4891    CL$$btod_ediv       c_w.l(btod.o)
    0x080019b6   0x080019b6   0x0000002a   Code   RO         4890    CL$$btod_emul       c_w.l(btod.o)
    0x080019e0   0x080019e0   0x00000244   Code   RO         4896    CL$$btod_mult_common  c_w.l(btod.o)
    0x08001c24   0x08001c24   0x00000118   Code   RO         4199    i.Administrator     administrator.o
    0x08001d3c   0x08001d3c   0x00000118   Code   RO         4200    i.Administrator_Select  administrator.o
    0x08001e54   0x08001e54   0x00000004   Code   RO         4325    i.BusFault_Handler  stm32f10x_it.o
    0x08001e58   0x08001e58   0x00000002   Code   RO         4326    i.DebugMon_Handler  stm32f10x_it.o
    0x08001e5a   0x08001e5a   0x00000002   PAD
    0x08001e5c   0x08001e5c   0x00000088   Code   RO         3684    i.Exist_TIM_Init    existtim.o
    0x08001ee4   0x08001ee4   0x00000116   Code   RO         1276    i.GPIO_Init         stm32f10x_gpio.o
    0x08001ffa   0x08001ffa   0x00000002   PAD
    0x08001ffc   0x08001ffc   0x00000090   Code   RO         1278    i.GPIO_PinRemapConfig  stm32f10x_gpio.o
    0x0800208c   0x0800208c   0x00000044   Code   RO         3304    i.GPIO_Pin_Init     mygpio.o
    0x080020d0   0x080020d0   0x00000008   Code   RO         1279    i.GPIO_ReadInputData  stm32f10x_gpio.o
    0x080020d8   0x080020d8   0x00000004   Code   RO         1283    i.GPIO_ResetBits    stm32f10x_gpio.o
    0x080020dc   0x080020dc   0x00000004   Code   RO         1286    i.GPIO_Write        stm32f10x_gpio.o
    0x080020e0   0x080020e0   0x0000000a   Code   RO         1287    i.GPIO_WriteBit     stm32f10x_gpio.o
    0x080020ea   0x080020ea   0x00000002   PAD
    0x080020ec   0x080020ec   0x00000108   Code   RO         4410    i.GUI_DrawFont16    gui.o
    0x080021f4   0x080021f4   0x00000118   Code   RO         4411    i.GUI_DrawFont24    gui.o
    0x0800230c   0x0800230c   0x00000108   Code   RO         4412    i.GUI_DrawFont32    gui.o
    0x08002414   0x08002414   0x000001bc   Code   RO         4186    i.Generate_data_reports  w25_data.o
    0x080025d0   0x080025d0   0x00000040   Code   RO         4415    i.Gui_StrCenter     gui.o
    0x08002610   0x08002610   0x00000004   Code   RO         4327    i.HardFault_Handler  stm32f10x_it.o
    0x08002614   0x08002614   0x00000044   Code   RO         4170    i.Init_Refresh_unavailable  init_refresh_unavailable.o
    0x08002658   0x08002658   0x0000005c   Code   RO         3853    i.LCD_Clear         lcd.o
    0x080026b4   0x080026b4   0x0000001c   Code   RO         3854    i.LCD_DrawPoint     lcd.o
    0x080026d0   0x080026d0   0x00000074   Code   RO         4420    i.LCD_Fill          gui.o
    0x08002744   0x08002744   0x0000002c   Code   RO         3855    i.LCD_GPIOInit      lcd.o
    0x08002770   0x08002770   0x00000230   Code   RO         3856    i.LCD_Init          lcd.o
    0x080029a0   0x080029a0   0x00000014   Code   RO         3857    i.LCD_SetCursor     lcd.o
    0x080029b4   0x080029b4   0x00000070   Code   RO         3858    i.LCD_SetWindows    lcd.o
    0x08002a24   0x08002a24   0x00000124   Code   RO         4422    i.LCD_ShowChar      gui.o
    0x08002b48   0x08002b48   0x000000b0   Code   RO         4423    i.LCD_ShowNum       gui.o
    0x08002bf8   0x08002bf8   0x000000a4   Code   RO         4424    i.LCD_ShowNum_back_black  gui.o
    0x08002c9c   0x08002c9c   0x000000a8   Code   RO         4425    i.LCD_ShowNum_back_blue  gui.o
    0x08002d44   0x08002d44   0x0000002c   Code   RO         3859    i.LCD_WR_DATA       lcd.o
    0x08002d70   0x08002d70   0x0000002c   Code   RO         3860    i.LCD_WR_REG        lcd.o
    0x08002d9c   0x08002d9c   0x00000010   Code   RO         3861    i.LCD_WriteRAM_Prepare  lcd.o
    0x08002dac   0x08002dac   0x00000014   Code   RO         3862    i.LCD_WriteReg      lcd.o
    0x08002dc0   0x08002dc0   0x00000094   Code   RO         3863    i.LCD_direction     lcd.o
    0x08002e54   0x08002e54   0x00000034   Code   RO         3864    i.Lcd_WriteData_16Bit  lcd.o
    0x08002e88   0x08002e88   0x000001f4   Code   RO         3832    i.Matrix_Key_Scan2  matrix_key2.o
    0x0800307c   0x0800307c   0x00000040   Code   RO         3833    i.Matrix_ssKey_Pin_Init  matrix_key2.o
    0x080030bc   0x080030bc   0x00000004   Code   RO         4328    i.MemManage_Handler  stm32f10x_it.o
    0x080030c0   0x080030c0   0x00000094   Code   RO         3754    i.MySPI_Init        myspi_w25.o
    0x08003154   0x08003154   0x0000000a   Code   RO         3755    i.MySPI_Start       myspi_w25.o
    0x0800315e   0x0800315e   0x0000000a   Code   RO         3756    i.MySPI_Stop        myspi_w25.o
    0x08003168   0x08003168   0x00000038   Code   RO         3757    i.MySPI_SwapByte    myspi_w25.o
    0x080031a0   0x080031a0   0x00000018   Code   RO         3758    i.MySPI_W_SS        myspi_w25.o
    0x080031b8   0x080031b8   0x0000001c   Code   RO         4021    i.My_JR6001_Init    jr6001.o
    0x080031d4   0x080031d4   0x0000004c   Code   RO         4022    i.My_JR6001_SetVolume  jr6001.o
    0x08003220   0x08003220   0x00000074   Code   RO         4023    i.My_JR6001_select_order  jr6001.o
    0x08003294   0x08003294   0x00000038   Code   RO         3340    i.My_USART_Init     usart.o
    0x080032cc   0x080032cc   0x00000002   Code   RO         4329    i.NMI_Handler       stm32f10x_it.o
    0x080032ce   0x080032ce   0x00000002   PAD
    0x080032d0   0x080032d0   0x00000070   Code   RO            1    i.NVIC_Init         misc.o
    0x08003340   0x08003340   0x00000014   Code   RO            2    i.NVIC_PriorityGroupConfig  misc.o
    0x08003354   0x08003354   0x00000002   Code   RO         4330    i.PendSV_Handler    stm32f10x_it.o
    0x08003356   0x08003356   0x00000002   PAD
    0x08003358   0x08003358   0x00000020   Code   RO         1704    i.RCC_APB1PeriphClockCmd  stm32f10x_rcc.o
    0x08003378   0x08003378   0x00000020   Code   RO         1705    i.RCC_APB1PeriphResetCmd  stm32f10x_rcc.o
    0x08003398   0x08003398   0x00000020   Code   RO         1706    i.RCC_APB2PeriphClockCmd  stm32f10x_rcc.o
    0x080033b8   0x080033b8   0x00000020   Code   RO         1707    i.RCC_APB2PeriphResetCmd  stm32f10x_rcc.o
    0x080033d8   0x080033d8   0x000000d4   Code   RO         1714    i.RCC_GetClocksFreq  stm32f10x_rcc.o
    0x080034ac   0x080034ac   0x000000d8   Code   RO         3706    i.SG90PWM_Init      sg90pwm.o
    0x08003584   0x08003584   0x00000040   Code   RO         4048    i.SG90_Start_Zeroing_Init  sg90start_zeroing.o
    0x080035c4   0x080035c4   0x0000012c   Code   RO         3707    i.SG90_select       sg90pwm.o
    0x080036f0   0x080036f0   0x00000080   Code   RO         3808    i.SPI2_Init         spi_tft.o
    0x08003770   0x08003770   0x00000018   Code   RO         2192    i.SPI_Cmd           stm32f10x_spi.o
    0x08003788   0x08003788   0x00000012   Code   RO         2200    i.SPI_I2S_GetFlagStatus  stm32f10x_spi.o
    0x0800379a   0x0800379a   0x00000006   Code   RO         2203    i.SPI_I2S_ReceiveData  stm32f10x_spi.o
    0x080037a0   0x080037a0   0x00000004   Code   RO         2204    i.SPI_I2S_SendData  stm32f10x_spi.o
    0x080037a4   0x080037a4   0x0000003c   Code   RO         2205    i.SPI_Init          stm32f10x_spi.o
    0x080037e0   0x080037e0   0x00000022   Code   RO         3810    i.SPI_WriteByte     spi_tft.o
    0x08003802   0x08003802   0x00000002   Code   RO         4331    i.SVC_Handler       stm32f10x_it.o
    0x08003804   0x08003804   0x000000b0   Code   RO         4232    i.Serial_JDY31_Init  serial_jdy31.o
    0x080038b4   0x080038b4   0x00000024   Code   RO         4234    i.Serial_Printf     serial_jdy31.o
    0x080038d8   0x080038d8   0x0000001a   Code   RO         4235    i.Serial_SendArray  serial_jdy31.o
    0x080038f2   0x080038f2   0x00000002   PAD
    0x080038f4   0x080038f4   0x00000020   Code   RO         4236    i.Serial_SendByte   serial_jdy31.o
    0x08003914   0x08003914   0x0000001a   Code   RO         4238    i.Serial_SendString  serial_jdy31.o
    0x0800392e   0x0800392e   0x00000002   PAD
    0x08003930   0x08003930   0x00000014   Code   RO         3708    i.SetSG90PWM_OC_CH1_TIM4  sg90pwm.o
    0x08003944   0x08003944   0x00000014   Code   RO         3709    i.SetSG90PWM_OC_CH2_TIM4  sg90pwm.o
    0x08003958   0x08003958   0x00000014   Code   RO         3710    i.SetSG90PWM_OC_CH3_TIM3  sg90pwm.o
    0x0800396c   0x0800396c   0x00000014   Code   RO         3711    i.SetSG90PWM_OC_CH3_TIM4  sg90pwm.o
    0x08003980   0x08003980   0x00000014   Code   RO         3712    i.SetSG90PWM_OC_CH4_TIM4  sg90pwm.o
    0x08003994   0x08003994   0x00000008   Code   RO         3143    i.SetSysClock       system_stm32f10x.o
    0x0800399c   0x0800399c   0x000000e0   Code   RO         3144    i.SetSysClockTo72   system_stm32f10x.o
    0x08003a7c   0x08003a7c   0x00000038   Code   RO         3588    i.Shift_Angle       sg90angle.o
    0x08003ab4   0x08003ab4   0x0000010c   Code   RO         4427    i.Show_Str          gui.o
    0x08003bc0   0x08003bc0   0x00000028   Code   RO            5    i.SysTick_CLKSourceConfig  misc.o
    0x08003be8   0x08003be8   0x00000002   Code   RO         4332    i.SysTick_Handler   stm32f10x_it.o
    0x08003bea   0x08003bea   0x00000002   PAD
    0x08003bec   0x08003bec   0x00000060   Code   RO         3146    i.SystemInit        system_stm32f10x.o
    0x08003c4c   0x08003c4c   0x0000002c   Code   RO         3685    i.TIM2_IRQHandler   existtim.o
    0x08003c78   0x08003c78   0x00000006   Code   RO         2344    i.TIM_ClearFlag     stm32f10x_tim.o
    0x08003c7e   0x08003c7e   0x00000006   Code   RO         2345    i.TIM_ClearITPendingBit  stm32f10x_tim.o
    0x08003c84   0x08003c84   0x00000018   Code   RO         2350    i.TIM_Cmd           stm32f10x_tim.o
    0x08003c9c   0x08003c9c   0x00000006   Code   RO         2369    i.TIM_GetCounter    stm32f10x_tim.o
    0x08003ca2   0x08003ca2   0x00000022   Code   RO         2371    i.TIM_GetITStatus   stm32f10x_tim.o
    0x08003cc4   0x08003cc4   0x00000012   Code   RO         2375    i.TIM_ITConfig      stm32f10x_tim.o
    0x08003cd6   0x08003cd6   0x0000000c   Code   RO         2377    i.TIM_InternalClockConfig  stm32f10x_tim.o
    0x08003ce2   0x08003ce2   0x00000002   PAD
    0x08003ce4   0x08003ce4   0x00000098   Code   RO         2379    i.TIM_OC1Init       stm32f10x_tim.o
    0x08003d7c   0x08003d7c   0x000000a4   Code   RO         2384    i.TIM_OC2Init       stm32f10x_tim.o
    0x08003e20   0x08003e20   0x000000a0   Code   RO         2389    i.TIM_OC3Init       stm32f10x_tim.o
    0x08003ec0   0x08003ec0   0x0000007c   Code   RO         2394    i.TIM_OC4Init       stm32f10x_tim.o
    0x08003f3c   0x08003f3c   0x00000014   Code   RO         2397    i.TIM_OCStructInit  stm32f10x_tim.o
    0x08003f50   0x08003f50   0x00000004   Code   RO         2411    i.TIM_SetCompare1   stm32f10x_tim.o
    0x08003f54   0x08003f54   0x00000004   Code   RO         2412    i.TIM_SetCompare2   stm32f10x_tim.o
    0x08003f58   0x08003f58   0x00000004   Code   RO         2413    i.TIM_SetCompare3   stm32f10x_tim.o
    0x08003f5c   0x08003f5c   0x00000006   Code   RO         2414    i.TIM_SetCompare4   stm32f10x_tim.o
    0x08003f62   0x08003f62   0x00000002   PAD
    0x08003f64   0x08003f64   0x000000a4   Code   RO         2421    i.TIM_TimeBaseInit  stm32f10x_tim.o
    0x08004008   0x08004008   0x00000088   Code   RO         3341    i.USART1_IRQHandler  usart.o
    0x08004090   0x08004090   0x00000088   Code   RO         3342    i.USART2_IRQHandler  usart.o
    0x08004118   0x08004118   0x00000024   Code   RO         4239    i.USART3_IRQHandler  serial_jdy31.o
    0x0800413c   0x0800413c   0x00000012   Code   RO         2885    i.USART_ClearFlag   stm32f10x_usart.o
    0x0800414e   0x0800414e   0x0000001e   Code   RO         2886    i.USART_ClearITPendingBit  stm32f10x_usart.o
    0x0800416c   0x0800416c   0x00000018   Code   RO         2889    i.USART_Cmd         stm32f10x_usart.o
    0x08004184   0x08004184   0x0000009c   Code   RO         2891    i.USART_DeInit      stm32f10x_usart.o
    0x08004220   0x08004220   0x0000001a   Code   RO         2892    i.USART_GetFlagStatus  stm32f10x_usart.o
    0x0800423a   0x0800423a   0x00000054   Code   RO         2893    i.USART_GetITStatus  stm32f10x_usart.o
    0x0800428e   0x0800428e   0x0000004a   Code   RO         2895    i.USART_ITConfig    stm32f10x_usart.o
    0x080042d8   0x080042d8   0x000000d8   Code   RO         2896    i.USART_Init        stm32f10x_usart.o
    0x080043b0   0x080043b0   0x0000000a   Code   RO         2903    i.USART_ReceiveData  stm32f10x_usart.o
    0x080043ba   0x080043ba   0x00000008   Code   RO         2906    i.USART_SendData    stm32f10x_usart.o
    0x080043c2   0x080043c2   0x0000003a   Code   RO         3343    i.USART_SendString  usart.o
    0x080043fc   0x080043fc   0x00000004   Code   RO         4333    i.UsageFault_Handler  stm32f10x_it.o
    0x08004400   0x08004400   0x000000ac   Code   RO         3344    i.Usart1_Init       usart.o
    0x080044ac   0x080044ac   0x000000a8   Code   RO         3345    i.Usart2_Init       usart.o
    0x08004554   0x08004554   0x00000002   Code   RO         3346    i.Usart3_Init       usart.o
    0x08004556   0x08004556   0x00000032   Code   RO         4066    i.W25Q64_BlockErase  w25q64.o
    0x08004588   0x08004588   0x00000008   Code   RO         4067    i.W25Q64_Init       w25q64.o
    0x08004590   0x08004590   0x0000004c   Code   RO         4068    i.W25Q64_PageProgram  w25q64.o
    0x080045dc   0x080045dc   0x0000004c   Code   RO         4069    i.W25Q64_PageProgram_char  w25q64.o
    0x08004628   0x08004628   0x00000044   Code   RO         4070    i.W25Q64_ReadData   w25q64.o
    0x0800466c   0x0800466c   0x00000044   Code   RO         4071    i.W25Q64_ReadData_char  w25q64.o
    0x080046b0   0x080046b0   0x00000032   Code   RO         4073    i.W25Q64_SecotErase  w25q64.o
    0x080046e2   0x080046e2   0x00000002   PAD
    0x080046e4   0x080046e4   0x00000030   Code   RO         4074    i.W25Q64_WaitBusy   w25q64.o
    0x08004714   0x08004714   0x00000012   Code   RO         4075    i.W25Q64_WriteEnable  w25q64.o
    0x08004726   0x08004726   0x00000022   Code   RO         3759    i.W25_Arrary_Int_clear  myspi_w25.o
    0x08004748   0x08004748   0x00000012   Code   RO         3760    i.W25_Array_Int_length  myspi_w25.o
    0x0800475a   0x0800475a   0x00000002   PAD
    0x0800475c   0x0800475c   0x000000b4   Code   RO         4132    i.W25_Input_Phone_Num  w25_store_password.o
    0x08004810   0x08004810   0x00000028   Code   RO         4926    i.__ARM_fpclassify  m_ws.l(fpclassify.o)
    0x08004838   0x08004838   0x0000000e   Code   RO         4745    i._is_digit         c_w.l(__printf_wp.o)
    0x08004846   0x08004846   0x00000004   Code   RO         3347    i._sys_exit         usart.o
    0x0800484a   0x0800484a   0x00000002   PAD
    0x0800484c   0x0800484c   0x0000003c   Code   RO         3535    i.delay_init        delay.o
    0x08004888   0x08004888   0x0000003c   Code   RO         3536    i.delay_ms          delay.o
    0x080048c4   0x080048c4   0x0000003c   Code   RO         3537    i.delay_us          delay.o
    0x08004900   0x08004900   0x00000344   Code   RO         4241    i.jdy31_Rx_Data     serial_jdy31.o
    0x08004c44   0x08004c44   0x00000110   Code   RO         3947    i.lcd_menu_1st      lcd_menu.o
    0x08004d54   0x08004d54   0x00000064   Code   RO         3948    i.lcd_menu_2nd      lcd_menu.o
    0x08004db8   0x08004db8   0x000000fc   Code   RO         3949    i.lcd_menu_3rd      lcd_menu.o
    0x08004eb4   0x08004eb4   0x0000013c   Code   RO         3950    i.lcd_menu_4th      lcd_menu.o
    0x08004ff0   0x08004ff0   0x000000b4   Code   RO         3951    i.lcd_menu_Exist    lcd_menu.o
    0x080050a4   0x080050a4   0x00000130   Code   RO         3952    i.lcd_menu_Init     lcd_menu.o
    0x080051d4   0x080051d4   0x00000190   Code   RO         4388    i.main              main.o
    0x08005364   0x08005364   0x000002b4   Code   RO         4133    i.menu_1st_pick     w25_store_password.o
    0x08005618   0x08005618   0x00000340   Code   RO         4134    i.menu_3rd_store    w25_store_password.o
    0x08005958   0x08005958   0x00000016   Code   RO         4431    i.mypow             gui.o
    0x0800596e   0x0800596e   0x00000002   PAD
    0x08005970   0x08005970   0x00000078   Code   RO         4217    i.return_code       returncode_jdy31.o
    0x080059e8   0x080059e8   0x00000118   Code   RO         4135    i.store_password    w25_store_password.o
    0x08005b00   0x08005b00   0x0000002c   Code   RO         4910    locale$$code        c_w.l(lc_numeric_c.o)
    0x08005b2c   0x08005b2c   0x0000002c   Code   RO         4938    locale$$code        c_w.l(lc_ctype_c.o)
    0x08005b58   0x08005b58   0x000000c4   Code   RO         4668    x$fpl$fadd          fz_ws.l(faddsub_clz.o)
    0x08005c1c   0x08005c1c   0x00000184   Code   RO         4675    x$fpl$fdiv          fz_ws.l(fdiv.o)
    0x08005da0   0x08005da0   0x0000003e   Code   RO         4678    x$fpl$ffixu         fz_ws.l(ffixu.o)
    0x08005dde   0x08005dde   0x00000002   PAD
    0x08005de0   0x08005de0   0x00000102   Code   RO         4682    x$fpl$fmul          fz_ws.l(fmul.o)
    0x08005ee2   0x08005ee2   0x0000008c   Code   RO         4823    x$fpl$fnaninf       fz_ws.l(fnaninf.o)
    0x08005f6e   0x08005f6e   0x0000000a   Code   RO         4825    x$fpl$fretinf       fz_ws.l(fretinf.o)
    0x08005f78   0x08005f78   0x000000ea   Code   RO         4670    x$fpl$fsub          fz_ws.l(faddsub_clz.o)
    0x08006062   0x08006062   0x00000004   Code   RO         4827    x$fpl$printf1       fz_ws.l(printf1.o)
    0x08006066   0x08006066   0x00000004   Code   RO         4829    x$fpl$printf2       fz_ws.l(printf2.o)
    0x0800606a   0x0800606a   0x00000000   Code   RO         4835    x$fpl$usenofp       fz_ws.l(usenofp.o)
    0x0800606a   0x0800606a   0x00001e40   Data   RO         4432    .constdata          gui.o
    0x08007eaa   0x08007eaa   0x00000002   PAD
    0x08007eac   0x08007eac   0x00000008   Data   RO         4704    .constdata          c_w.l(_printf_wctomb.o)
    0x08007eb4   0x08007eb4   0x00000028   Data   RO         4733    .constdata          c_w.l(_printf_hex_int_ll_ptr.o)
    0x08007edc   0x08007edc   0x00000011   Data   RO         4753    .constdata          c_w.l(__printf_flags_ss_wp.o)
    0x08007eed   0x08007eed   0x00000026   Data   RO         4858    .constdata          c_w.l(_printf_fp_hex.o)
    0x08007f13   0x08007f13   0x00000001   PAD
    0x08007f14   0x08007f14   0x00000094   Data   RO         4885    .constdata          c_w.l(bigflt0.o)
    0x08007fa8   0x08007fa8   0x00000020   Data   RO         5003    Region$$Table       anon$$obj.o
    0x08007fc8   0x08007fc8   0x0000001c   Data   RO         4909    locale$$data        c_w.l(lc_numeric_c.o)
    0x08007fe4   0x08007fe4   0x00000110   Data   RO         4937    locale$$data        c_w.l(lc_ctype_c.o)


    Execution Region RW_IRAM1 (Exec base: 0x20000000, Load base: 0x080080f4, Size: 0x00000f48, Max: 0x00005000, ABSOLUTE, COMPRESSED[0x00000124])

    Exec Addr    Load Addr    Size         Type   Attr      Idx    E Section Name        Object

    0x20000000   COMPRESSED   0x00000014   Data   RW         1734    .data               stm32f10x_rcc.o
    0x20000014   COMPRESSED   0x0000000a   Data   RW         3349    .data               usart.o
    0x2000001e   COMPRESSED   0x00000004   Data   RW         3538    .data               delay.o
    0x20000022   COMPRESSED   0x00000001   Data   RW         3686    .data               existtim.o
    0x20000023   COMPRESSED   0x00000001   PAD
    0x20000024   COMPRESSED   0x00000006   Data   RW         3866    .data               lcd.o
    0x2000002a   COMPRESSED   0x0000000e   Data   RW         4137    .data               w25_store_password.o
    0x20000038   COMPRESSED   0x00000001   Data   RW         4171    .data               init_refresh_unavailable.o
    0x20000039   COMPRESSED   0x00000001   PAD
    0x2000003a   COMPRESSED   0x00000005   Data   RW         4242    .data               serial_jdy31.o
    0x2000003f   COMPRESSED   0x00000001   PAD
    0x20000040   COMPRESSED   0x00000524   Data   RW         4390    .data               main.o
    0x20000564        -       0x00000258   Zero   RW         3348    .bss                usart.o
    0x200007bc        -       0x00000010   Zero   RW         3865    .bss                lcd.o
    0x200007cc        -       0x0000000b   Zero   RW         4136    .bss                w25_store_password.o
    0x200007d7   COMPRESSED   0x00000001   PAD
    0x200007d8        -       0x0000002c   Zero   RW         4389    .bss                main.o
    0x20000804        -       0x000000e4   Zero   RW         4659    .bss                c_w.l(rand.o)
    0x200008e8        -       0x00000060   Zero   RW         4931    .bss                c_w.l(libspace.o)
    0x20000948        -       0x00000200   Zero   RW         3137    HEAP                startup_stm32f10x_hd.o
    0x20000b48        -       0x00000400   Zero   RW         3136    STACK               startup_stm32f10x_hd.o


==============================================================================

Image component sizes


      Code (inc. data)   RO Data    RW Data    ZI Data      Debug   Object Name

       560        112          0          0          0       1375   administrator.o
         0          0          0          0          0         32   core_cm3.o
       180         16          0          4          0       1691   delay.o
       180         12          0          1          0       1269   existtim.o
      2078         78       7744          0          0      10145   gui.o
        68         12          0          1          0       1285   init_refresh_unavailable.o
       220        114          0          0          0       1608   jr6001.o
      1180         58          0          6         16       8149   lcd.o
      1424        422          0          0          0       3469   lcd_menu.o
       400         28          0       1316         44       2023   main.o
       564         12          0          0          0       1391   matrix_key2.o
       172         22          0          0          0     261617   misc.o
        68          6          0          0          0       2476   mygpio.o
       300         20          0          0          0       3888   myspi_w25.o
       120          4          0          0          0       1436   returncode_jdy31.o
      1168        194          0          5          0       6302   serial_jdy31.o
        56         14          0          0          0        838   sg90angle.o
       616        120          0          0          0       3878   sg90pwm.o
        64          0          0          0          0        494   sg90start_zeroing.o
       162          8          0          0          0       1396   spi_tft.o
        64         26        304          0       1536        792   startup_stm32f10x_hd.o
         0          0          0          0          0       1660   stm32f10x_adc.o
       448          6          0          0          0      13089   stm32f10x_gpio.o
        26          0          0          0          0       3782   stm32f10x_it.o
       340         44          0         20          0      14080   stm32f10x_rcc.o
       112          0          0          0          0      10518   stm32f10x_spi.o
       908         92          0          0          0      30408   stm32f10x_tim.o
       646         28          0          0          0      13604   stm32f10x_usart.o
       328         28          0          0          0       1841   system_stm32f10x.o
       732         56          0         10        600       6623   usart.o
       444         62          0          0          0        912   w25_data.o
      1984        222          0         14         11       4034   w25_store_password.o
       462          4          0          0          0       5473   w25q64.o

    ----------------------------------------------------------------------
     16102       1820       8082       1380       2208     421578   Object Totals
         0          0         32          0          0          0   (incl. Generated)
        28          0          2          3          1          0   (incl. Padding)

    ----------------------------------------------------------------------

      Code (inc. data)   RO Data    RW Data    ZI Data      Debug   Library Member Name

        90          0          0          0          0          0   __dczerorl2.o
         8          0          0          0          0         68   __main.o
       392          4         17          0          0         92   __printf_flags_ss_wp.o
        14          0          0          0          0         68   __printf_wp.o
         0          0          0          0          0          0   __rtentry.o
        12          0          0          0          0          0   __rtentry2.o
         6          0          0          0          0          0   __rtentry4.o
        52          8          0          0          0          0   __scatter.o
        28          0          0          0          0          0   __scatter_zi.o
         6          0          0          0          0          0   _printf_a.o
         6          0          0          0          0          0   _printf_c.o
        44          0          0          0          0        108   _printf_char.o
        48          6          0          0          0         96   _printf_char_common.o
        40          0          0          0          0         68   _printf_charcount.o
         6          0          0          0          0          0   _printf_d.o
       120         16          0          0          0         92   _printf_dec.o
         6          0          0          0          0          0   _printf_e.o
         6          0          0          0          0          0   _printf_f.o
      1054          0          0          0          0        216   _printf_fp_dec.o
       764          8         38          0          0        100   _printf_fp_hex.o
       128         16          0          0          0         84   _printf_fp_infnan.o
         6          0          0          0          0          0   _printf_g.o
       148          4         40          0          0        160   _printf_hex_int_ll_ptr.o
         6          0          0          0          0          0   _printf_i.o
       178          0          0          0          0         88   _printf_intcommon.o
        10          0          0          0          0          0   _printf_l.o
         6          0          0          0          0          0   _printf_lc.o
        10          0          0          0          0          0   _printf_ll.o
         6          0          0          0          0          0   _printf_lld.o
         6          0          0          0          0          0   _printf_lli.o
         6          0          0          0          0          0   _printf_llo.o
         6          0          0          0          0          0   _printf_llu.o
         6          0          0          0          0          0   _printf_llx.o
       124         16          0          0          0         92   _printf_longlong_dec.o
         6          0          0          0          0          0   _printf_ls.o
         6          0          0          0          0          0   _printf_n.o
         6          0          0          0          0          0   _printf_o.o
       112         10          0          0          0        124   _printf_oct_int_ll.o
         6          0          0          0          0          0   _printf_p.o
        78          0          0          0          0        108   _printf_pad.o
         0          0          0          0          0          0   _printf_percent.o
         4          0          0          0          0          0   _printf_percent_end.o
         6          0          0          0          0          0   _printf_s.o
        82          0          0          0          0         80   _printf_str.o
        36          0          0          0          0         84   _printf_truncate.o
         6          0          0          0          0          0   _printf_u.o
        44          0          0          0          0        108   _printf_wchar.o
       188          6          8          0          0         92   _printf_wctomb.o
         6          0          0          0          0          0   _printf_x.o
        10          0          0          0          0         68   _sputc.o
        64          0          0          0          0         92   _wcrtomb.o
       228          4        148          0          0         96   bigflt0.o
      1936        128          0          0          0        672   btod.o
        18          0          0          0          0         80   exit.o
         6          0          0          0          0        152   heapauxi.o
        44         10        272          0          0         76   lc_ctype_c.o
        44         10         28          0          0         76   lc_numeric_c.o
         2          0          0          0          0          0   libinit.o
        34          0          0          0          0          0   libinit2.o
         2          0          0          0          0          0   libshutdown.o
         2          0          0          0          0          0   libshutdown2.o
         8          4          0          0         96         68   libspace.o
       138          0          0          0          0         80   lludiv10.o
       112         18          0          0        228        160   rand.o
        16          4          0          0          0         76   rt_ctype_table.o
         8          4          0          0          0         68   rt_locale_intlibspace.o
         2          0          0          0          0          0   rtexit.o
        10          0          0          0          0          0   rtexit2.o
       128          0          0          0          0         68   strcmpv7m.o
        62          0          0          0          0         76   strlen.o
        74          0          0          0          0         80   sys_stackheap_outer.o
         2          0          0          0          0         68   use_no_semi.o
         2          0          0          0          0         68   use_no_semi_2.o
        36          4          0          0          0         76   vsprintf.o
       430          8          0          0          0        168   faddsub_clz.o
       388         76          0          0          0         96   fdiv.o
        62          4          0          0          0         84   ffixu.o
       258          4          0          0          0         84   fmul.o
       140          4          0          0          0         84   fnaninf.o
        10          0          0          0          0         68   fretinf.o
         4          0          0          0          0         68   printf1.o
         4          0          0          0          0         68   printf2.o
         0          0          0          0          0          0   usenofp.o
        40          0          0          0          0         68   fpclassify.o

    ----------------------------------------------------------------------
      8276        376        552          0        324       4916   Library Totals
        18          0          1          0          0          0   (incl. Padding)

    ----------------------------------------------------------------------

      Code (inc. data)   RO Data    RW Data    ZI Data      Debug   Library Name

      6922        280        551          0        324       4128   c_w.l
      1296         96          0          0          0        720   fz_ws.l
        40          0          0          0          0         68   m_ws.l

    ----------------------------------------------------------------------
      8276        376        552          0        324       4916   Library Totals

    ----------------------------------------------------------------------

==============================================================================


      Code (inc. data)   RO Data    RW Data    ZI Data      Debug   

     24378       2196       8634       1380       2532     416194   Grand Totals
     24378       2196       8634        292       2532     416194   ELF Image Totals (compressed)
     24378       2196       8634        292          0          0   ROM Totals

==============================================================================

    Total RO  Size (Code + RO Data)                33012 (  32.24kB)
    Total RW  Size (RW Data + ZI Data)              3912 (   3.82kB)
    Total ROM Size (Code + RO Data + RW Data)      33304 (  32.52kB)

==============================================================================

